kasrawy4@591196a9e44f:~$ netstat -an | grep 69
tcp        0      0 127.0.0.1:69            0.0.0.0:*               LISTEN     
tcp        0      0 172.17.0.2:22           156.210.169.138:46732   ESTABLISHED
tcp        0      0 172.17.0.2:111          156.210.169.138:38970   ESTABLISHED
tcp        0      0 172.17.0.2:111          156.210.169.138:48378   ESTABLISHED
tcp        0      0 172.17.0.2:111          41.199.47.240:58696     ESTABLISHED
tcp        0      0 172.17.0.2:22           212.68.60.69:10236      SYN_RECV   
tcp        0      0 172.17.0.2:111          41.129.21.243:56694     ESTABLISHED
tcp        0      0 172.17.0.2:46994        45.84.138.178:22        ESTABLISHED
unix  2      [ ]         STREAM     CONNECTED     211799695 
unix  3      [ ]         STREAM     CONNECTED     211769545 
unix  3      [ ]         STREAM     CONNECTED     213692025 
unix  3      [ ]         STREAM     CONNECTED     69763568 
unix  2      [ ]         STREAM     CONNECTED     211693870 
unix  3      [ ]         STREAM     CONNECTED     211695920 
unix  3      [ ]         STREAM     CONNECTED     213692026 
unix  3      [ ]         STREAM     CONNECTED     211769544 
unix  2      [ ]         STREAM     CONNECTED     93382693 
unix  3      [ ]         STREAM     CONNECTED     69763567 
unix  3      [ ]         STREAM     CONNECTED     90935690 
unix  3      [ ]         STREAM     CONNECTED     211695921 
kasrawy4@591196a9e44f:~$ ssh localhost -p 69
The authenticity of host '[localhost]:69 ([127.0.0.1]:69)' can't be established.
ED25519 key fingerprint is SHA256:34LNYEIvEldQR0w5lamQQymf2bdS8LTgP15G8dqYy9A.
This host key is known by the following other names/addresses:
    ~/.ssh/known_hosts:1: [hashed name]
    ~/.ssh/known_hosts:3: [hashed name]
Are you sure you want to continue connecting (yes/no/[fingerprint])? yes
Warning: Permanently added '[localhost]:69' (ED25519) to the list of known hosts.
Last login: Fri Nov 17 23:40:45 2023 from 172.17.0.2
$ bash
kasrawy4@591196a9e44f:~$ ifconfig
eth0: flags=4163<UP,BROADCAST,RUNNING,MULTICAST>  mtu 1500
        inet 172.17.0.2  netmask 255.255.0.0  broadcast 172.17.255.255
        ether 02:42:ac:11:00:02  txqueuelen 0  (Ethernet)
        RX packets 18863720  bytes 3076012185 (3.0 GB)
        RX errors 0  dropped 0  overruns 0  frame 0
        TX packets 51039033  bytes 4556416940 (4.5 GB)
        TX errors 0  dropped 0 overruns 0  carrier 0  collisions 0

lo: flags=73<UP,LOOPBACK,RUNNING>  mtu 65536
        inet 127.0.0.1  netmask 255.0.0.0
        loop  txqueuelen 1000  (Local Loopback)
        RX packets 134044316  bytes 6768181632 (6.7 GB)
        RX errors 0  dropped 0  overruns 0  frame 0
        TX packets 134044316  bytes 6768181632 (6.7 GB)
        TX errors 0  dropped 0 overruns 0  carrier 0  collisions 0

kasrawy4@591196a9e44f:~$ ssh 172.17.0.3
kasrawy4@172.17.0.3's password: 
Permission denied, please try again.
kasrawy4@172.17.0.3's password: 
Permission denied, please try again.
kasrawy4@172.17.0.3's password: 
kasrawy4@172.17.0.3: Permission denied (publickey,password).
kasrawy4@591196a9e44f:~$ ssh 172.17.0.1
The authenticity of host '172.17.0.1 (172.17.0.1)' can't be established.
ED25519 key fingerprint is SHA256:34LNYEIvEldQR0w5lamQQymf2bdS8LTgP15G8dqYy9A.
This host key is known by the following other names/addresses:
    ~/.ssh/known_hosts:1: [hashed name]
    ~/.ssh/known_hosts:3: [hashed name]
    ~/.ssh/known_hosts:5: [hashed name]
Are you sure you want to continue connecting (yes/no/[fingerprint])? yes
Warning: Permanently added '172.17.0.1' (ED25519) to the list of known hosts.
Last login: Fri Nov 17 23:41:23 2023 from 172.17.0.1
$ bash
kasrawy4@591196a9e44f:~$ netstat -an | grep 69
tcp        0      0 127.0.0.1:69            0.0.0.0:*               LISTEN     
tcp        0      0 127.0.0.1:69            127.0.0.1:41968         ESTABLISHED
tcp        0      0 127.0.0.1:41968         127.0.0.1:69            ESTABLISHED
tcp        0      0 172.17.0.2:111          156.210.169.138:38970   ESTABLISHED
tcp        0      0 172.17.0.2:111          156.210.169.138:48378   ESTABLISHED
tcp        0      0 172.17.0.2:111          41.199.47.240:58696     ESTABLISHED
tcp        0      0 172.17.0.2:111          41.129.21.243:56694     ESTABLISHED
tcp        0      0 172.17.0.2:46994        45.84.138.178:22        ESTABLISHED
tcp6       0      0 172.17.0.2:20           45.240.31.31:54695      TIME_WAIT  
unix  2      [ ]         STREAM     CONNECTED     211799695 
unix  3      [ ]         STREAM     CONNECTED     211769545 
unix  3      [ ]         STREAM     CONNECTED     213692025 
unix  3      [ ]         STREAM     CONNECTED     69763568 
unix  2      [ ]         STREAM     CONNECTED     211693870 
unix  3      [ ]         STREAM     CONNECTED     211695920 
unix  3      [ ]         STREAM     CONNECTED     215905769 
unix  3      [ ]         STREAM     CONNECTED     213692026 
unix  3      [ ]         STREAM     CONNECTED     211769544 
unix  2      [ ]         STREAM     CONNECTED     93382693 
unix  3      [ ]         STREAM     CONNECTED     69763567 
unix  3      [ ]         STREAM     CONNECTED     90935690 
unix  3      [ ]         STREAM     CONNECTED     211695921 
kasrawy4@591196a9e44f:~$ netstat -an | grep .1
tcp        0      0 127.0.0.1:8082          0.0.0.0:*               LISTEN     
tcp        0      0 127.0.0.1:8081          0.0.0.0:*               LISTEN     
tcp        0      0 127.0.0.1:8181          0.0.0.0:*               LISTEN     
tcp        0      0 127.0.0.1:7777          0.0.0.0:*               LISTEN     
tcp        0      0 127.0.0.1:7890          0.0.0.0:*               LISTEN     
tcp        0      0 127.0.0.1:3333          0.0.0.0:*               LISTEN     
tcp        0      0 0.0.0.0:111             0.0.0.0:*               LISTEN     
tcp        0      0 127.0.0.1:8888          0.0.0.0:*               LISTEN     
tcp        0      0 127.0.0.1:80            0.0.0.0:*               LISTEN     
tcp        0      0 127.0.0.1:69            0.0.0.0:*               LISTEN     
tcp        0      0 127.0.0.1:5150          0.0.0.0:*               LISTEN     
tcp        0      0 172.17.0.2:40990        172.17.0.1:22           ESTABLISHED
tcp        0      0 172.17.0.2:60150        197.167.216.9:7777      ESTABLISHED
tcp        0      0 172.17.0.2:111          154.178.84.174:52792    ESTABLISHED
tcp        0      0 172.17.0.2:33024        45.84.138.178:22        ESTABLISHED
tcp        0      0 172.17.0.2:38102        45.84.138.178:22        ESTABLISHED
tcp        0      0 172.17.0.2:53364        45.84.138.178:22        ESTABLISHED
tcp        0      0 172.17.0.2:59796        197.167.218.155:7777    ESTABLISHED
tcp        0      0 172.17.0.2:32860        197.167.216.9:7777      ESTABLISHED
tcp        0      0 127.0.0.1:35024         127.0.0.1:22            ESTABLISHED
tcp        0      0 172.17.0.2:44310        172.17.0.1:22           TIME_WAIT  
tcp        0      0 172.17.0.2:46626        172.17.0.1:22           ESTABLISHED
tcp        0      0 172.17.0.2:41318        172.17.0.1:22           ESTABLISHED
tcp        0      0 172.17.0.2:43388        156.215.65.248:255      CLOSE_WAIT 
tcp        0      0 172.17.0.2:22           212.68.59.64:26578      SYN_RECV   
tcp        0      0 172.17.0.2:45926        45.84.138.178:22        ESTABLISHED
tcp        0      0 172.17.0.2:22           154.176.168.199:53126   ESTABLISHED
tcp        0      0 172.17.0.2:47438        172.17.0.2:22           ESTABLISHED
tcp        0      0 172.17.0.2:40488        102.44.142.72:4444      ESTABLISHED
tcp        0      0 172.17.0.2:58194        172.17.0.2:22           ESTABLISHED
tcp        0      0 172.17.0.2:111          102.188.199.228:48626   ESTABLISHED
tcp        0      0 172.17.0.2:22           154.176.168.199:47020   ESTABLISHED
tcp        0      0 172.17.0.2:34652        41.232.17.60:4444       CLOSE_WAIT 
tcp        0      0 172.17.0.2:22           172.17.0.1:35230        ESTABLISHED
tcp        0      0 172.17.0.2:22           172.17.0.1:49092        ESTABLISHED
tcp        0      0 172.17.0.2:22           172.17.0.1:34352        ESTABLISHED
tcp        0      0 172.17.0.2:38944        156.215.213.223:255     CLOSE_WAIT 
tcp        0      0 172.17.0.2:111          105.37.252.131:6104     ESTABLISHED
tcp        0      0 172.17.0.2:53304        172.17.0.1:22           ESTABLISHED
tcp        0      0 172.17.0.2:60902        197.167.218.155:7777    ESTABLISHED
tcp        0      0 127.0.0.1:60864         127.0.0.1:22            ESTABLISHED
tcp        0      0 127.0.0.1:22            127.0.0.1:60864         ESTABLISHED
tcp        0      0 172.17.0.2:50770        41.46.154.163:224       CLOSE_WAIT 
tcp        0      0 172.17.0.2:59828        197.167.218.155:7777    ESTABLISHED
tcp        0      0 172.17.0.2:22           218.92.0.94:44186       ESTABLISHED
tcp        0      0 172.17.0.2:39982        156.215.213.223:255     CLOSE_WAIT 
tcp        0      0 172.17.0.2:33840        154.176.168.199:4444    CLOSE_WAIT 
tcp        0      0 172.17.0.2:56010        156.195.175.64:7821     CLOSE_WAIT 
tcp        0      0 172.17.0.2:111          105.37.252.131:5906     ESTABLISHED
tcp        0      0 172.17.0.2:34572        172.17.0.1:22           TIME_WAIT  
tcp        0      0 172.17.0.2:22           154.176.168.199:58702   ESTABLISHED
tcp        0      0 172.17.0.2:41076        156.204.27.6:4444       CLOSE_WAIT 
tcp        0      0 172.17.0.2:56504        102.44.142.72:4444      ESTABLISHED
tcp        0      0 172.17.0.2:35468        197.167.218.155:7777    ESTABLISHED
tcp        0      0 172.17.0.2:111          105.37.252.131:5553     ESTABLISHED
tcp        0      0 172.17.0.2:55962        197.133.202.141:5150    CLOSE_WAIT 
tcp        0      0 172.17.0.2:36414        156.215.213.223:255     CLOSE_WAIT 
tcp        0      0 172.17.0.2:33672        197.167.216.9:7777      ESTABLISHED
tcp        0      0 172.17.0.2:45660        154.176.168.199:4444    ESTABLISHED
tcp        0      0 172.17.0.2:35236        197.133.202.141:5150    ESTABLISHED
tcp        0      0 172.17.0.2:37776        45.84.138.178:22        ESTABLISHED
tcp        0      0 172.17.0.2:22           197.167.216.9:58478     ESTABLISHED
tcp        0      0 172.17.0.2:34582        172.17.0.1:22           TIME_WAIT  
tcp        0      0 172.17.0.2:43346        45.240.197.238:5555     ESTABLISHED
tcp        0      0 127.0.0.1:69            127.0.0.1:41968         ESTABLISHED
tcp        0      0 172.17.0.2:22           172.17.0.1:60470        ESTABLISHED
tcp        0      0 172.17.0.2:59840        197.167.218.155:7777    ESTABLISHED
tcp       15      0 172.17.0.2:55588        172.17.0.1:21           CLOSE_WAIT 
tcp        0     52 172.17.0.2:22           41.47.53.137:45394      ESTABLISHED
tcp        0      0 172.17.0.2:57452        197.167.216.9:7777      ESTABLISHED
tcp        0      0 172.17.0.2:59222        41.232.17.60:4444       ESTABLISHED
tcp        0      0 172.17.0.2:47304        154.176.159.110:4444    ESTABLISHED
tcp        0      0 172.17.0.2:59406        45.84.138.178:22        ESTABLISHED
tcp        0      0 172.17.0.2:34474        197.167.216.9:7777      ESTABLISHED
tcp        0      0 172.17.0.2:22           172.17.0.2:55048        ESTABLISHED
tcp        0      0 172.17.0.2:22           197.133.202.141:58966   ESTABLISHED
tcp        0      0 172.17.0.2:22           154.176.168.199:45096   ESTABLISHED
tcp        0      0 172.17.0.2:59792        156.215.213.223:255     CLOSE_WAIT 
tcp        0      0 172.17.0.2:111          45.240.197.238:55300    ESTABLISHED
tcp        0      0 172.17.0.2:58054        156.195.175.64:7821     ESTABLISHED
tcp        0      0 172.17.0.2:50478        154.178.179.141:4545    CLOSE_WAIT 
tcp        0      0 172.17.0.2:55048        172.17.0.2:22           ESTABLISHED
tcp        0      0 172.17.0.2:22           154.176.168.199:32818   ESTABLISHED
tcp        0      0 172.17.0.2:52390        20.168.108.173:6666     ESTABLISHED
tcp        0      0 172.17.0.2:53886        45.84.138.178:22        ESTABLISHED
tcp        0      0 172.17.0.2:22           172.17.0.1:45030        ESTABLISHED
tcp        0      0 172.17.0.2:57344        45.84.138.178:22        ESTABLISHED
tcp        0      0 172.17.0.2:22           172.17.0.1:58456        ESTABLISHED
tcp        0      0 172.17.0.2:58052        197.167.218.155:7777    ESTABLISHED
tcp        0      0 172.17.0.2:50262        197.167.218.155:7777    ESTABLISHED
tcp        0      0 172.17.0.2:33958        197.167.216.9:7777      ESTABLISHED
tcp        0      0 172.17.0.2:41404        45.84.138.178:22        ESTABLISHED
tcp        0      0 172.17.0.2:22           172.17.0.1:41756        ESTABLISHED
tcp        0      0 172.17.0.2:22           212.64.211.59:14326     SYN_RECV   
tcp        0      0 172.17.0.2:55470        45.84.138.178:22        ESTABLISHED
tcp       56      0 172.17.0.2:55040        41.129.20.196:4444      CLOSE_WAIT 
tcp        0      0 172.17.0.2:59646        197.167.216.9:7777      ESTABLISHED
tcp        0      0 172.17.0.2:60174        45.240.197.238:5555     ESTABLISHED
tcp        0      0 172.17.0.2:39952        20.168.108.173:6666     ESTABLISHED
tcp        0      0 172.17.0.2:34598        172.17.0.1:22           ESTABLISHED
tcp        0      0 172.17.0.2:22           172.17.0.1:37410        ESTABLISHED
tcp        0      0 172.17.0.2:22           172.17.0.1:49212        ESTABLISHED
tcp        0      0 172.17.0.2:34130        197.167.216.9:7777      ESTABLISHED
tcp        0      0 127.0.0.1:41968         127.0.0.1:69            ESTABLISHED
tcp        0      0 172.17.0.2:111          154.176.170.16:50282    ESTABLISHED
tcp        0      0 172.17.0.2:111          45.240.197.238:43172    ESTABLISHED
tcp        0      0 172.17.0.2:22           172.17.0.1:58766        ESTABLISHED
tcp        0      0 172.17.0.2:39628        197.133.202.141:5150    ESTABLISHED
tcp        0      0 172.17.0.2:58502        45.240.197.238:5555     ESTABLISHED
tcp        0      0 172.17.0.2:22           197.52.168.148:37136    ESTABLISHED
tcp        0      0 172.17.0.2:39796        197.167.216.9:7777      ESTABLISHED
tcp        0      0 172.17.0.2:53838        156.215.186.198:224     CLOSE_WAIT 
tcp        0      0 172.17.0.2:22           172.17.0.1:41430        ESTABLISHED
tcp        0      0 172.17.0.2:58826        156.195.175.64:7821     CLOSE_WAIT 
tcp        0      0 172.17.0.2:111          156.210.169.138:38970   ESTABLISHED
tcp        0      0 172.17.0.2:44324        172.17.0.1:22           TIME_WAIT  
tcp        0      0 172.17.0.2:22           172.17.0.1:34710        ESTABLISHED
tcp        0      0 172.17.0.2:111          156.210.169.138:48378   ESTABLISHED
tcp        0      0 172.17.0.2:36090        197.167.216.9:7777      ESTABLISHED
tcp        0      0 172.17.0.2:33676        197.133.202.141:5150    ESTABLISHED
tcp        0      0 172.17.0.2:50176        154.178.57.156:4444     ESTABLISHED
tcp        0      0 172.17.0.2:36078        197.167.216.9:7777      ESTABLISHED
tcp        0      0 172.17.0.2:36766        154.176.159.110:4444    CLOSE_WAIT 
tcp        0      0 172.17.0.2:33920        156.196.171.47:4545     CLOSE_WAIT 
tcp        0      0 172.17.0.2:36354        197.167.216.9:7777      ESTABLISHED
tcp        0      0 172.17.0.2:40704        20.168.108.173:6666     ESTABLISHED
tcp        0      0 172.17.0.2:60162        197.167.216.9:7777      ESTABLISHED
tcp        0      0 172.17.0.2:111          198.145.231.25:45481    ESTABLISHED
tcp        0      0 172.17.0.2:22           172.17.0.1:51752        ESTABLISHED
tcp        0      0 172.17.0.2:36016        156.215.213.223:255     CLOSE_WAIT 
tcp        0      0 172.17.0.2:111          102.42.35.31:37630      ESTABLISHED
tcp        0      0 172.17.0.2:54078        197.167.216.9:7777      ESTABLISHED
tcp        0      0 172.17.0.2:22           197.167.216.9:57372     ESTABLISHED
tcp        0      0 172.17.0.2:34480        197.167.216.9:7777      ESTABLISHED
tcp        0      0 172.17.0.2:22           172.17.0.1:55150        ESTABLISHED
tcp        0      0 172.17.0.2:22           172.17.0.1:58920        ESTABLISHED
tcp        0      0 172.17.0.2:60828        154.177.140.194:4444    ESTABLISHED
tcp        0      0 172.17.0.2:41376        41.44.30.244:255        CLOSE_WAIT 
tcp        0      0 172.17.0.2:60020        197.167.218.155:7777    ESTABLISHED
tcp        0      0 172.17.0.2:39410        154.178.57.156:4444     CLOSE_WAIT 
tcp        0      0 172.17.0.2:22           156.195.175.64:53214    ESTABLISHED
tcp        0      0 127.0.0.1:22            127.0.0.1:43178         ESTABLISHED
tcp        0      0 172.17.0.2:22           172.17.0.1:41586        ESTABLISHED
tcp        0      0 172.17.0.2:38976        156.215.213.223:255     CLOSE_WAIT 
tcp        0      0 172.17.0.2:44338        172.17.0.1:22           TIME_WAIT  
tcp        0      0 172.17.0.2:47948        154.176.168.199:8888    ESTABLISHED
tcp        0      0 172.17.0.2:59038        45.240.197.238:4444     ESTABLISHED
tcp        0      0 172.17.0.2:41658        156.215.213.223:255     CLOSE_WAIT 
tcp        0      0 172.17.0.2:44428        154.176.168.199:4444    CLOSE_WAIT 
tcp        0      0 172.17.0.2:42832        197.167.218.155:7777    ESTABLISHED
tcp        0      0 172.17.0.2:45786        45.84.138.178:22        ESTABLISHED
tcp        0      0 172.17.0.2:22           172.17.0.1:52158        ESTABLISHED
tcp        0      0 172.17.0.2:111          105.37.252.131:5354     ESTABLISHED
tcp        0      0 172.17.0.2:22           172.17.0.1:46714        ESTABLISHED
tcp        0      0 172.17.0.2:22           172.17.0.1:55036        ESTABLISHED
tcp        0      0 172.17.0.2:37262        197.167.218.155:7777    ESTABLISHED
tcp        0      0 172.17.0.2:111          41.199.47.240:58696     ESTABLISHED
tcp        0      0 172.17.0.2:49024        156.195.175.64:7821     CLOSE_WAIT 
tcp        0      0 172.17.0.2:34684        172.17.0.1:22           ESTABLISHED
tcp        0      0 172.17.0.2:34600        172.17.0.1:22           TIME_WAIT  
tcp        0      0 172.17.0.2:22           41.35.117.242:53548     ESTABLISHED
tcp        0      0 172.17.0.2:59898        156.196.171.47:4545     CLOSE_WAIT 
tcp        0      0 172.17.0.2:39510        41.46.154.163:224       CLOSE_WAIT 
tcp        0      0 127.0.0.1:43178         127.0.0.1:22            ESTABLISHED
tcp        0      0 172.17.0.2:51670        45.84.138.178:22        ESTABLISHED
tcp        0      0 172.17.0.2:22           172.17.0.1:58012        ESTABLISHED
tcp        0      0 172.17.0.2:54610        172.17.0.1:22           ESTABLISHED
tcp        0      0 172.17.0.2:50220        154.176.158.233:62500   ESTABLISHED
tcp        0      0 172.17.0.2:50434        156.195.175.64:7821     ESTABLISHED
tcp        0      0 172.17.0.2:46630        41.46.154.163:224       CLOSE_WAIT 
tcp        0      0 172.17.0.2:22           172.17.0.1:38800        ESTABLISHED
tcp        0      0 172.17.0.2:22           172.17.0.1:39850        ESTABLISHED
tcp        0      0 172.17.0.2:50338        172.17.0.1:22           ESTABLISHED
tcp        0      0 172.17.0.2:48764        45.84.138.178:22        ESTABLISHED
tcp        0      0 172.17.0.2:49192        156.196.171.47:4545     CLOSE_WAIT 
tcp        0      0 172.17.0.2:33098        172.17.0.2:22           ESTABLISHED
tcp        0      0 172.17.0.2:40420        172.17.0.1:22           ESTABLISHED
tcp        0      0 172.17.0.2:42370        102.44.142.72:4444      CLOSE_WAIT 
tcp        0      0 172.17.0.2:111          102.42.35.31:56802      ESTABLISHED
tcp        0      0 172.17.0.2:111          45.240.31.31:54618      ESTABLISHED
tcp        0      0 172.17.0.2:52958        156.215.213.223:255     CLOSE_WAIT 
tcp        0      0 172.17.0.2:41008        45.84.138.178:22        ESTABLISHED
tcp        0      0 172.17.0.2:22           172.17.0.1:45988        ESTABLISHED
tcp        0      0 172.17.0.2:35526        197.133.202.141:5150    ESTABLISHED
tcp        0      0 172.17.0.2:44812        154.176.186.120:62500   CLOSE_WAIT 
tcp        0      0 172.17.0.2:22           154.176.168.199:44524   ESTABLISHED
tcp        0      0 172.17.0.2:57134        197.167.218.155:7777    ESTABLISHED
tcp        0      0 172.17.0.2:56238        197.167.216.9:7777      ESTABLISHED
tcp        0      0 172.17.0.2:60014        156.215.213.223:255     CLOSE_WAIT 
tcp        0      0 172.17.0.2:111          156.213.146.21:54358    ESTABLISHED
tcp        0      0 172.17.0.2:34588        172.17.0.1:22           TIME_WAIT  
tcp        0      0 172.17.0.2:58350        156.215.213.223:255     CLOSE_WAIT 
tcp        0      0 172.17.0.2:45928        172.17.0.1:22           ESTABLISHED
tcp        0      0 172.17.0.2:22           172.17.0.1:44088        ESTABLISHED
tcp        0      0 172.17.0.2:54254        41.232.17.60:4444       ESTABLISHED
tcp        0      0 172.17.0.2:111          105.37.252.131:5858     ESTABLISHED
tcp        0      0 172.17.0.2:22           172.17.0.1:36516        ESTABLISHED
tcp        0      0 172.17.0.2:111          41.129.21.243:56694     ESTABLISHED
tcp        0      0 172.17.0.2:55486        20.168.108.173:6666     ESTABLISHED
tcp        0      0 172.17.0.2:111          197.133.202.141:43566   ESTABLISHED
tcp        0      0 172.17.0.2:22           172.17.0.1:47580        ESTABLISHED
tcp        0      0 172.17.0.2:48572        45.84.138.178:22        ESTABLISHED
tcp        0      0 172.17.0.2:22           172.17.0.2:58194        ESTABLISHED
tcp        0      0 172.17.0.2:111          105.37.252.131:5324     ESTABLISHED
tcp        0      0 172.17.0.2:46994        45.84.138.178:22        ESTABLISHED
tcp        0      0 172.17.0.2:49896        45.84.138.178:22        ESTABLISHED
tcp        0      0 172.17.0.2:33950        197.167.216.9:7777      ESTABLISHED
tcp        0      0 172.17.0.2:42816        197.167.218.155:7777    ESTABLISHED
tcp        0      0 172.17.0.2:39794        197.167.216.9:7777      ESTABLISHED
tcp        0      0 172.17.0.2:111          45.240.197.238:40180    ESTABLISHED
tcp        0      0 172.17.0.2:22           102.188.199.228:44610   ESTABLISHED
tcp        0      0 172.17.0.2:59560        41.35.117.242:4444      CLOSE_WAIT 
tcp        0      0 172.17.0.2:22           172.17.0.1:52358        ESTABLISHED
tcp        0      0 172.17.0.2:41958        197.167.216.9:7777      ESTABLISHED
tcp        0      0 127.0.0.1:22            127.0.0.1:35024         ESTABLISHED
tcp        0      0 172.17.0.2:22           172.17.0.2:47438        ESTABLISHED
tcp        0      0 172.17.0.2:59152        197.167.216.9:7777      ESTABLISHED
tcp        0      0 172.17.0.2:35990        156.215.213.223:255     CLOSE_WAIT 
tcp        0      0 172.17.0.2:22           172.17.0.2:33098        ESTABLISHED
tcp        0      0 172.17.0.2:111          105.37.252.131:5319     ESTABLISHED
tcp        0      0 172.17.0.2:111          105.36.117.111:5509     ESTABLISHED
tcp        0      0 172.17.0.2:44304        172.17.0.1:22           TIME_WAIT  
tcp        0      0 172.17.0.2:22           154.176.168.199:40682   ESTABLISHED
tcp        0      0 172.17.0.2:60944        172.17.0.1:22           ESTABLISHED
tcp        0      0 172.17.0.2:22           172.17.0.1:60090        ESTABLISHED
tcp        0      0 172.17.0.2:22           154.176.168.199:50026   ESTABLISHED
tcp        0      0 172.17.0.2:59118        172.17.0.1:22           ESTABLISHED
tcp        0      0 172.17.0.2:22           172.17.0.1:34236        ESTABLISHED
tcp        0      0 172.17.0.2:54366        45.84.138.178:22        ESTABLISHED
tcp        0      0 172.17.0.2:22           172.17.0.1:35054        ESTABLISHED
tcp        0      0 172.17.0.2:43356        45.84.138.178:22        ESTABLISHED
tcp        0      0 172.17.0.2:111          45.240.197.238:39864    ESTABLISHED
tcp        0      0 172.17.0.2:22           172.17.0.1:35816        ESTABLISHED
tcp        0      0 172.17.0.2:22           172.17.0.1:43032        ESTABLISHED
tcp        0      0 172.17.0.2:60152        45.84.138.178:22        ESTABLISHED
tcp        0      0 172.17.0.2:111          197.167.216.9:58888     ESTABLISHED
tcp        0      0 172.17.0.2:33306        45.84.138.178:22        ESTABLISHED
tcp        0      0 172.17.0.2:22           156.204.205.165:9749    ESTABLISHED
tcp        0      0 172.17.0.2:42200        156.215.186.198:224     ESTABLISHED
tcp        0      0 172.17.0.2:22           172.17.0.1:43248        ESTABLISHED
tcp        0      0 172.17.0.2:38264        156.196.171.47:4545     CLOSE_WAIT 
tcp6       0      0 :::21                   :::*                    LISTEN     
tcp6       0      0 :::111                  :::*                    LISTEN     
tcp6       0      0 172.17.0.2:21           45.240.31.31:52474      ESTABLISHED
tcp6       0      0 172.17.0.2:20           45.240.31.31:54695      TIME_WAIT  
tcp6       0      0 172.17.0.2:20           45.240.31.31:60321      TIME_WAIT  
unix  2      [ ACC ]     STREAM     LISTENING     74467814 /tmp/ssh-XXXXXXfUzEyW/agent.2224162
unix  2      [ ACC ]     STREAM     LISTENING     170047474 /tmp/ssh-XXXXXX7ljPmf/agent.3657734
unix  2      [ ACC ]     STREAM     LISTENING     209897176 /tmp/ssh-XXXXXXH08ZAT/agent.2514567
unix  3      [ ]         STREAM     CONNECTED     214574799 
unix  3      [ ]         STREAM     CONNECTED     213753265 
unix  2      [ ]         STREAM     CONNECTED     211799695 
unix  3      [ ]         STREAM     CONNECTED     211772782 
unix  3      [ ]         STREAM     CONNECTED     211769545 
unix  3      [ ]         STREAM     CONNECTED     215529755 
unix  3      [ ]         STREAM     CONNECTED     214303754 
unix  3      [ ]         STREAM     CONNECTED     213662680 
unix  3      [ ]         STREAM     CONNECTED     214225665 
unix  3      [ ]         STREAM     CONNECTED     213692025 
unix  3      [ ]         STREAM     CONNECTED     167187946 
unix  2      [ ]         STREAM     CONNECTED     209226711 
unix  3      [ ]         STREAM     CONNECTED     209230104 
unix  3      [ ]         STREAM     CONNECTED     214423652 
unix  2      [ ]         STREAM     CONNECTED     214932133 
unix  2      [ ]         STREAM     CONNECTED     214421961 
unix  3      [ ]         STREAM     CONNECTED     213649904 
unix  3      [ ]         STREAM     CONNECTED     189326351 
unix  2      [ ]         STREAM     CONNECTED     214295355 
unix  2      [ ]         STREAM     CONNECTED     212885881 
unix  3      [ ]         STREAM     CONNECTED     209546711 
unix  3      [ ]         STREAM     CONNECTED     215799274 
unix  2      [ ]         STREAM     CONNECTED     215528572 
unix  3      [ ]         STREAM     CONNECTED     213714426 
unix  3      [ ]         STREAM     CONNECTED     211964993 
unix  2      [ ]         STREAM     CONNECTED     211960777 
unix  3      [ ]         STREAM     CONNECTED     167196031 
unix  3      [ ]         STREAM     CONNECTED     213786173 
unix  3      [ ]         STREAM     CONNECTED     211766325 
unix  2      [ ]         STREAM     CONNECTED     183794225 
unix  3      [ ]         STREAM     CONNECTED     213228121 
unix  3      [ ]         STREAM     CONNECTED     211798985 
unix  3      [ ]         STREAM     CONNECTED     183795501 
unix  2      [ ]         STREAM     CONNECTED     211952423 
unix  2      [ ]         STREAM     CONNECTED     211693870 
unix  2      [ ]         STREAM     CONNECTED     213725410 
unix  2      [ ]         STREAM     CONNECTED     213713003 
unix  3      [ ]         STREAM     CONNECTED     214280860 
unix  3      [ ]         STREAM     CONNECTED     211695920 
unix  3      [ ]         STREAM     CONNECTED     212887819 
unix  3      [ ]         STREAM     CONNECTED     189326354 
unix  3      [ ]         STREAM     CONNECTED     215905769 
unix  2      [ ]         STREAM     CONNECTED     211730682 
unix  3      [ ]         STREAM     CONNECTED     213828072 
unix  3      [ ]         STREAM     CONNECTED     213828071 
unix  2      [ ]         STREAM     CONNECTED     211765634 
unix  3      [ ]         STREAM     CONNECTED     214565431 
unix  2      [ ]         STREAM     CONNECTED     215529382 
unix  3      [ ]         STREAM     CONNECTED     213692026 
unix  3      [ ]         STREAM     CONNECTED     212056453 
unix  3      [ ]         STREAM     CONNECTED     213725420 
unix  3      [ ]         STREAM     CONNECTED     214423651 
unix  2      [ ]         STREAM     CONNECTED     213714413 
unix  3      [ ]         STREAM     CONNECTED     211766324 
unix  3      [ ]         STREAM     CONNECTED     211769544 
unix  3      [ ]         STREAM     CONNECTED     189326353 
unix  3      [ ]         STREAM     CONNECTED     213737247 
unix  3      [ ]         STREAM     CONNECTED     214580317 
unix  3      [ ]         STREAM     CONNECTED     215890433 
unix  2      [ ]         STREAM     CONNECTED     213752826 
unix  2      [ ]         STREAM     CONNECTED     213737242 
unix  3      [ ]         STREAM     CONNECTED     215540096 
unix  2      [ ]         STREAM     CONNECTED     213653829 
unix  3      [ ]         STREAM     CONNECTED     215947729 
unix  2      [ ]         STREAM     CONNECTED     213826629 
unix  3      [ ]         STREAM     CONNECTED     167187945 
unix  3      [ ]         STREAM     CONNECTED     214225666 
unix  3      [ ]         STREAM     CONNECTED     213786172 
unix  3      [ ]         STREAM     CONNECTED     213657275 
unix  2      [ ]         STREAM     CONNECTED     213647188 
unix  3      [ ]         STREAM     CONNECTED     214295361 
unix  3      [ ]         STREAM     CONNECTED     213737248 
unix  2      [ ]         STREAM     CONNECTED     211771772 
unix  3      [ ]         STREAM     CONNECTED     215947728 
unix  3      [ ]         STREAM     CONNECTED     213710965 
unix  3      [ ]         STREAM     CONNECTED     211954949 
unix  3      [ ]         STREAM     CONNECTED     214565432 
unix  3      [ ]         STREAM     CONNECTED     213725419 
unix  3      [ ]         STREAM     CONNECTED     213714427 
unix  3      [ ]         STREAM     CONNECTED     214933752 
unix  3      [ ]         STREAM     CONNECTED     213657274 
unix  3      [ ]         STREAM     CONNECTED     209230103 
unix  2      [ ]         STREAM     CONNECTED     213657641 
unix  3      [ ]         STREAM     CONNECTED     93384123 
unix  2      [ ]         STREAM     CONNECTED     214562629 
unix  3      [ ]         STREAM     CONNECTED     167179601 
unix  3      [ ]         STREAM     CONNECTED     214338371 
unix  3      [ ]         STREAM     CONNECTED     215890434 
unix  3      [ ]         STREAM     CONNECTED     213228122 
unix  3      [ ]         STREAM     CONNECTED     213710966 
unix  3      [ ]         STREAM     CONNECTED     212020524 
unix  3      [ ]         STREAM     CONNECTED     209251952 
unix  2      [ ]         STREAM     CONNECTED     212054635 
unix  2      [ ]         STREAM     CONNECTED     214574793 
unix  2      [ ]         STREAM     CONNECTED     213227311 
unix  3      [ ]         STREAM     CONNECTED     189326352 
unix  3      [ ]         STREAM     CONNECTED     167179602 
unix  2      [ ]         STREAM     CONNECTED     213787052 
unix  2      [ ]         STREAM     CONNECTED     211735738 
unix  3      [ ]         STREAM     CONNECTED     211732177 
unix  2      [ ]         STREAM     CONNECTED     214580006 
unix  2      [ ]         STREAM     CONNECTED     212019822 
unix  3      [ ]         STREAM     CONNECTED     212017762 
unix  2      [ ]         STREAM     CONNECTED     214146558 
unix  3      [ ]         STREAM     CONNECTED     212056454 
unix  3      [ ]         STREAM     CONNECTED     213653241 
unix  3      [ ]         STREAM     CONNECTED     211772781 
unix  3      [ ]         STREAM     CONNECTED     189326355 
unix  3      [ ]         STREAM     CONNECTED     189326349 
unix  2      [ ]         STREAM     CONNECTED     215798334 
unix  3      [ ]         STREAM     CONNECTED     215529754 
unix  2      [ ]         STREAM     CONNECTED     167194408 
unix  2      [ ]         STREAM     CONNECTED     167188941 
unix  3      [ ]         STREAM     CONNECTED     212020525 
unix  3      [ ]         STREAM     CONNECTED     211736361 
unix  3      [ ]         STREAM     CONNECTED     215799275 
unix  2      [ ]         STREAM     CONNECTED     214302178 
unix  2      [ ]         STREAM     CONNECTED     215904411 
unix  3      [ ]         STREAM     CONNECTED     209251951 
unix  3      [ ]         STREAM     CONNECTED     214933753 
unix  2      [ ]         STREAM     CONNECTED     213680614 
unix  3      [ ]         STREAM     CONNECTED     189326350 
unix  3      [ ]         STREAM     CONNECTED     214580318 
unix  3      [ ]         STREAM     CONNECTED     213753266 
unix  2      [ ]         STREAM     CONNECTED     213665919 
unix  3      [ ]         STREAM     CONNECTED     213649903 
unix  3      [ ]         STREAM     CONNECTED     215905770 
unix  3      [ ]         STREAM     CONNECTED     168832822 
unix  3      [ ]         STREAM     CONNECTED     214280861 
unix  2      [ ]         STREAM     CONNECTED     214225660 
unix  2      [ ]         STREAM     CONNECTED     61258666 
unix  3      [ ]         STREAM     CONNECTED     214574800 
unix  3      [ ]         STREAM     CONNECTED     211798986 
unix  2      [ ]         STREAM     CONNECTED     206581213 
unix  3      [ ]         STREAM     CONNECTED     211736362 
unix  3      [ ]         STREAM     CONNECTED     167196030 
unix  3      [ ]         STREAM     CONNECTED     168832821 
unix  3      [ ]         STREAM     CONNECTED     211964992 
unix  3      [ ]         STREAM     CONNECTED     209546712 
unix  3      [ ]         STREAM     CONNECTED     211732178 
unix  2      [ ]         STREAM     CONNECTED     91721135 
unix  3      [ ]         STREAM     CONNECTED     211954950 
unix  3      [ ]         STREAM     CONNECTED     213653242 
unix  3      [ ]         STREAM     CONNECTED     189326348 
unix  3      [ ]         STREAM     CONNECTED     212887820 
unix  3      [ ]         STREAM     CONNECTED     183795502 
unix  2      [ ]         STREAM     CONNECTED     214279770 
unix  3      [ ]         STREAM     CONNECTED     214338370 
unix  3      [ ]         STREAM     CONNECTED     93384124 
unix  2      [ ]         STREAM     CONNECTED     167177858 
unix  3      [ ]         STREAM     CONNECTED     215540097 
unix  3      [ ]         STREAM     CONNECTED     211695921 
unix  2      [ ]         STREAM     CONNECTED     61275675 
unix  2      [ ]         STREAM     CONNECTED     214340603 
unix  3      [ ]         STREAM     CONNECTED     212017761 
unix  2      [ ]         STREAM     CONNECTED     211768483 
unix  3      [ ]         STREAM     CONNECTED     214295360 
unix  3      [ ]         STREAM     CONNECTED     213662679 
unix  3      [ ]         STREAM     CONNECTED     214303755 
kasrawy4@591196a9e44f:~$ netstat -an | grep 69
tcp        0      0 127.0.0.1:69            0.0.0.0:*               LISTEN     
tcp        0      0 127.0.0.1:69            127.0.0.1:41968         ESTABLISHED
tcp        0      0 127.0.0.1:41968         127.0.0.1:69            ESTABLISHED
tcp        0      0 172.17.0.2:111          156.210.169.138:38970   ESTABLISHED
tcp        0      0 172.17.0.2:111          156.210.169.138:48378   ESTABLISHED
tcp        0      0 172.17.0.2:111          41.199.47.240:58696     ESTABLISHED
tcp        0      0 172.17.0.2:111          41.129.21.243:56694     ESTABLISHED
tcp        0      0 172.17.0.2:46994        45.84.138.178:22        ESTABLISHED
tcp6       0      0 172.17.0.2:20           45.240.31.31:54695      TIME_WAIT  
unix  2      [ ]         STREAM     CONNECTED     211799695 
unix  3      [ ]         STREAM     CONNECTED     211769545 
unix  3      [ ]         STREAM     CONNECTED     213692025 
unix  3      [ ]         STREAM     CONNECTED     69763568 
unix  2      [ ]         STREAM     CONNECTED     211693870 
unix  3      [ ]         STREAM     CONNECTED     211695920 
unix  3      [ ]         STREAM     CONNECTED     215905769 
unix  3      [ ]         STREAM     CONNECTED     213692026 
unix  3      [ ]         STREAM     CONNECTED     211769544 
unix  2      [ ]         STREAM     CONNECTED     93382693 
unix  3      [ ]         STREAM     CONNECTED     69763567 
unix  3      [ ]         STREAM     CONNECTED     90935690 
unix  3      [ ]         STREAM     CONNECTED     211695921 
kasrawy4@591196a9e44f:~$ 
kasrawy4@591196a9e44f:~$ 
kasrawy4@591196a9e44f:~$ 
kasrawy4@591196a9e44f:~$ ssh -p 69 locahost
ssh: Could not resolve hostname locahost: Name or service not known
kasrawy4@591196a9e44f:~$ ssh -p 69 localhost
Last login: Sat Nov 18 00:01:22 2023 from 172.17.0.1
$ bash
kasrawy4@591196a9e44f:~$ ssh -v localhost -p 69
OpenSSH_8.9p1 Ubuntu-3ubuntu0.4, OpenSSL 3.0.2 15 Mar 2022
debug1: Reading configuration data /etc/ssh/ssh_config
debug1: /etc/ssh/ssh_config line 19: include /etc/ssh/ssh_config.d/*.conf matched no files
debug1: /etc/ssh/ssh_config line 21: Applying options for *
debug1: Connecting to localhost [127.0.0.1] port 69.
debug1: Connection established.
debug1: identity file /home/kasrawy4/.ssh/id_rsa type 0
debug1: identity file /home/kasrawy4/.ssh/id_rsa-cert type -1
debug1: identity file /home/kasrawy4/.ssh/id_ecdsa type -1
debug1: identity file /home/kasrawy4/.ssh/id_ecdsa-cert type -1
debug1: identity file /home/kasrawy4/.ssh/id_ecdsa_sk type -1
debug1: identity file /home/kasrawy4/.ssh/id_ecdsa_sk-cert type -1
debug1: identity file /home/kasrawy4/.ssh/id_ed25519 type -1
debug1: identity file /home/kasrawy4/.ssh/id_ed25519-cert type -1
debug1: identity file /home/kasrawy4/.ssh/id_ed25519_sk type -1
debug1: identity file /home/kasrawy4/.ssh/id_ed25519_sk-cert type -1
debug1: identity file /home/kasrawy4/.ssh/id_xmss type -1
debug1: identity file /home/kasrawy4/.ssh/id_xmss-cert type -1
debug1: identity file /home/kasrawy4/.ssh/id_dsa type -1
debug1: identity file /home/kasrawy4/.ssh/id_dsa-cert type -1
debug1: Local version string SSH-2.0-OpenSSH_8.9p1 Ubuntu-3ubuntu0.4
debug1: Remote protocol version 2.0, remote software version OpenSSH_8.9p1 Ubuntu-3ubuntu0.4
debug1: compat_banner: match: OpenSSH_8.9p1 Ubuntu-3ubuntu0.4 pat OpenSSH* compat 0x04000000
debug1: Authenticating to localhost:69 as 'kasrawy4'
debug1: load_hostkeys: fopen /home/kasrawy4/.ssh/known_hosts2: No such file or directory
debug1: load_hostkeys: fopen /etc/ssh/ssh_known_hosts: No such file or directory
debug1: load_hostkeys: fopen /etc/ssh/ssh_known_hosts2: No such file or directory
debug1: SSH2_MSG_KEXINIT sent
debug1: SSH2_MSG_KEXINIT received
debug1: kex: algorithm: curve25519-sha256
debug1: kex: host key algorithm: ssh-ed25519
debug1: kex: server->client cipher: chacha20-poly1305@openssh.com MAC: <implicit> compression: none
debug1: kex: client->server cipher: chacha20-poly1305@openssh.com MAC: <implicit> compression: none
debug1: expecting SSH2_MSG_KEX_ECDH_REPLY
debug1: SSH2_MSG_KEX_ECDH_REPLY received
debug1: Server host key: ssh-ed25519 SHA256:34LNYEIvEldQR0w5lamQQymf2bdS8LTgP15G8dqYy9A
debug1: load_hostkeys: fopen /home/kasrawy4/.ssh/known_hosts2: No such file or directory
debug1: load_hostkeys: fopen /etc/ssh/ssh_known_hosts: No such file or directory
debug1: load_hostkeys: fopen /etc/ssh/ssh_known_hosts2: No such file or directory
debug1: Host '[localhost]:69' is known and matches the ED25519 host key.
debug1: Found key in /home/kasrawy4/.ssh/known_hosts:5
debug1: rekey out after 134217728 blocks
debug1: SSH2_MSG_NEWKEYS sent
debug1: expecting SSH2_MSG_NEWKEYS
debug1: SSH2_MSG_NEWKEYS received
debug1: rekey in after 134217728 blocks
debug1: Will attempt key: /home/kasrawy4/.ssh/id_rsa RSA SHA256:9SDre4S5SrGd2jbpJTJgu+tLbbFSbUH/1Fkb6sPvZSQ
debug1: Will attempt key: /home/kasrawy4/.ssh/id_ecdsa 
debug1: Will attempt key: /home/kasrawy4/.ssh/id_ecdsa_sk 
debug1: Will attempt key: /home/kasrawy4/.ssh/id_ed25519 
debug1: Will attempt key: /home/kasrawy4/.ssh/id_ed25519_sk 
debug1: Will attempt key: /home/kasrawy4/.ssh/id_xmss 
debug1: Will attempt key: /home/kasrawy4/.ssh/id_dsa 
debug1: SSH2_MSG_EXT_INFO received
debug1: kex_input_ext_info: server-sig-algs=<ssh-ed25519,sk-ssh-ed25519@openssh.com,ssh-rsa,rsa-sha2-256,rsa-sha2-512,ssh-dss,ecdsa-sha2-nistp256,ecdsa-sha2-nistp384,ecdsa-sha2-nistp521,sk-ecdsa-sha2-nistp256@openssh.com,webauthn-sk-ecdsa-sha2-nistp256@openssh.com>
debug1: kex_input_ext_info: publickey-hostbound@openssh.com=<0>
debug1: SSH2_MSG_SERVICE_ACCEPT received
debug1: Authentications that can continue: publickey,password,keyboard-interactive
debug1: Next authentication method: publickey
debug1: Offering public key: /home/kasrawy4/.ssh/id_rsa RSA SHA256:9SDre4S5SrGd2jbpJTJgu+tLbbFSbUH/1Fkb6sPvZSQ
debug1: Server accepts key: /home/kasrawy4/.ssh/id_rsa RSA SHA256:9SDre4S5SrGd2jbpJTJgu+tLbbFSbUH/1Fkb6sPvZSQ
Authenticated to localhost ([127.0.0.1]:69) using "publickey".
debug1: channel 0: new [client-session]
debug1: Requesting no-more-sessions@openssh.com
debug1: Entering interactive session.
debug1: pledge: filesystem
debug1: client_input_global_request: rtype hostkeys-00@openssh.com want_reply 0
debug1: client_input_hostkeys: searching /home/kasrawy4/.ssh/known_hosts for [localhost]:69 / (none)
debug1: client_input_hostkeys: searching /home/kasrawy4/.ssh/known_hosts2 for [localhost]:69 / (none)
debug1: client_input_hostkeys: hostkeys file /home/kasrawy4/.ssh/known_hosts2 does not exist
debug1: client_input_hostkeys: host key found matching a different name/address, skipping UserKnownHostsFile update
debug1: Remote: /home/kasrawy4/.ssh/authorized_keys:1: key options: agent-forwarding port-forwarding pty user-rc x11-forwarding
debug1: Remote: /home/kasrawy4/.ssh/authorized_keys:1: key options: agent-forwarding port-forwarding pty user-rc x11-forwarding
debug1: Sending environment.
debug1: channel 0: setting env LANG = "C.UTF-8"
Last login: Sat Nov 18 00:05:02 2023 from 172.17.0.1
$ bash
kasrawy4@591196a9e44f:~$ ssh 172.17.0.1
Last login: Sat Nov 18 00:06:28 2023 from 172.17.0.1
$ bash
kasrawy4@591196a9e44f:~$ ^C
kasrawy4@591196a9e44f:~$ whoami
kasrawy4
kasrawy4@591196a9e44f:~$ ssh 172.17.0.1 -p 69
ssh: connect to host 172.17.0.1 port 69: Connection refused
kasrawy4@591196a9e44f:~$ ^C
kasrawy4@591196a9e44f:~$ netstat -an | grep 69
tcp        0      0 127.0.0.1:69            0.0.0.0:*               LISTEN     
tcp        0      0 127.0.0.1:37536         127.0.0.1:69            ESTABLISHED
tcp        0      0 127.0.0.1:69            127.0.0.1:37536         ESTABLISHED
tcp        0      0 127.0.0.1:69            127.0.0.1:41968         ESTABLISHED
tcp        0      0 127.0.0.1:41968         127.0.0.1:69            ESTABLISHED
tcp        0      0 172.17.0.2:111          156.210.169.138:38970   ESTABLISHED
tcp        0      0 172.17.0.2:111          156.210.169.138:48378   ESTABLISHED
tcp        0      0 172.17.0.2:111          41.199.47.240:58696     ESTABLISHED
tcp        0      0 172.17.0.2:111          41.129.21.243:56694     ESTABLISHED
tcp        0      0 172.17.0.2:46994        45.84.138.178:22        ESTABLISHED
tcp        0      0 127.0.0.1:69            127.0.0.1:41576         ESTABLISHED
tcp        0      0 127.0.0.1:41576         127.0.0.1:69            ESTABLISHED
unix  2      [ ]         STREAM     CONNECTED     211799695 
unix  3      [ ]         STREAM     CONNECTED     211769545 
unix  3      [ ]         STREAM     CONNECTED     213692025 
unix  3      [ ]         STREAM     CONNECTED     69763568 
unix  2      [ ]         STREAM     CONNECTED     211693870 
unix  3      [ ]         STREAM     CONNECTED     211695920 
unix  3      [ ]         STREAM     CONNECTED     215905769 
unix  3      [ ]         STREAM     CONNECTED     213692026 
unix  3      [ ]         STREAM     CONNECTED     211769544 
unix  2      [ ]         STREAM     CONNECTED     93382693 
unix  3      [ ]         STREAM     CONNECTED     69763567 
unix  3      [ ]         STREAM     CONNECTED     90935690 
unix  3      [ ]         STREAM     CONNECTED     211695921 
kasrawy4@591196a9e44f:~$ exit
exit
$ exit
Connection to 172.17.0.1 closed.
kasrawy4@591196a9e44f:~$ exit
exit
$ exitdebug1: client_input_channel_req: channel 0 rtype exit-status reply 0
debug1: client_input_channel_req: channel 0 rtype eow@openssh.com reply 0

debug1: channel 0: free: client-session, nchannels 1
Connection to localhost closed.
Transferred: sent 6124, received 9684 bytes, in 262.6 seconds
Bytes per second: sent 23.3, received 36.9
debug1: Exit status 0
kasrawy4@591196a9e44f:~$ exit
exit
$ exit
Connection to localhost closed.
kasrawy4@591196a9e44f:~$ exit
exit
$ exit
Connection to 172.17.0.1 closed.
kasrawy4@591196a9e44f:~$ exit
exit
$ exit
Connection to localhost closed.
kasrawy4@591196a9e44f:~$ exit
exit
$ exit
Connection to 172.17.0.2 closed.
root@591196a9e44f:~# ssh -4 -L 69:172.17.0.1:22 kasrawy4@172.17.0.2 -i /root/.ssh/id_rsa
kasrawy4@172.17.0.2's password: 
Last login: Sat Nov 18 00:08:03 2023 from 172.17.0.1
$ bash
kasrawy4@591196a9e44f:~$ exit
exit
$ exit
Connection to 172.17.0.2 closed.
root@591196a9e44f:~# ssh -p 69 localhost
ssh: connect to host localhost port 69: Cannot assign requested address
root@591196a9e44f:~# ssh localhost -p 69
ssh: connect to host localhost port 69: Cannot assign requested address
root@591196a9e44f:~# ssh -4 -L 69:172.17.0.1:22 kasrawy4@172.17.0.2 -i /root/.ssh/id_rsa
kasrawy4@172.17.0.2's password: 
Last login: Sat Nov 18 00:11:36 2023 from 172.17.0.2
$ bash
kasrawy4@591196a9e44f:~$ ssh localhost -p 69
Last login: Sat Nov 18 00:12:24 2023 from 172.17.0.2
$ bash
kasrawy4@591196a9e44f:~$ exit
exit
$ exit
Connection to localhost closed.
kasrawy4@591196a9e44f:~$ ssh 172.17.0.1
Last login: Sat Nov 18 00:12:35 2023 from 172.17.0.1
$ bash
kasrawy4@591196a9e44f:~$ exit
exit
$ exit
Connection to 172.17.0.1 closed.
kasrawy4@591196a9e44f:~$ ssh 172.17.0.1
Last login: Sat Nov 18 00:13:32 2023 from 172.17.0.1
$ bash
kasrawy4@591196a9e44f:~$ exit
exit
$ exit
Connection to 172.17.0.1 closed.
kasrawy4@591196a9e44f:~$ exit
exit
$ exit
Connection to 172.17.0.2 closed.
root@591196a9e44f:~# ssh -4 -L 911:172.17.0.1:22 kasrawy@172.17.0.2 -i /root/.ssh/id_rsa
kasrawy@172.17.0.2's password: 
Permission denied, please try again.
kasrawy@172.17.0.2's password: 
Permission denied, please try again.
kasrawy@172.17.0.2's password: 
kasrawy@172.17.0.2: Permission denied (publickey,password,keyboard-interactive).
root@591196a9e44f:~# ^C
root@591196a9e44f:~# ssh -4 -L 69:172.17.0.1:22 kasrawy4@172.17.0.2 -i /root/.ssh/id_rsa
kasrawy4@172.17.0.2's password: 
Last login: Sat Nov 18 00:13:40 2023 from 172.17.0.1
$ bash 
kasrawy4@591196a9e44f:~$ ssh 172.17.0.1
Last login: Sat Nov 18 00:24:46 2023 from 172.17.0.2
$ 
$ 
$ 
$ 
$ whoami
kasrawy4
$ bash
kasrawy4@591196a9e44f:~$ netstat -tulpn
(Not all processes could be identified, non-owned process info
 will not be shown, you would have to be root to see it all.)
Active Internet connections (only servers)
Proto Recv-Q Send-Q Local Address           Foreign Address         State       PID/Program name    
tcp        0      0 127.0.0.1:8082          0.0.0.0:*               LISTEN      -                   
tcp        0      0 127.0.0.1:8081          0.0.0.0:*               LISTEN      -                   
tcp        0      0 127.0.0.1:8181          0.0.0.0:*               LISTEN      1207827/ssh         
tcp        0      0 127.0.0.1:7777          0.0.0.0:*               LISTEN      -                   
tcp        0      0 127.0.0.1:7890          0.0.0.0:*               LISTEN      -                   
tcp        0      0 127.0.0.1:3333          0.0.0.0:*               LISTEN      -                   
tcp        0      0 0.0.0.0:22              0.0.0.0:*               LISTEN      -                   
tcp        0      0 0.0.0.0:111             0.0.0.0:*               LISTEN      -                   
tcp        0      0 127.0.0.1:8888          0.0.0.0:*               LISTEN      -                   
tcp        0      0 127.0.0.1:333           0.0.0.0:*               LISTEN      -                   
tcp        0      0 127.0.0.1:80            0.0.0.0:*               LISTEN      -                   
tcp        0      0 127.0.0.1:69            0.0.0.0:*               LISTEN      -                   
tcp        0      0 127.0.0.1:5150          0.0.0.0:*               LISTEN      -                   
tcp6       0      0 :::22                   :::*                    LISTEN      -                   
tcp6       0      0 :::21                   :::*                    LISTEN      -                   
tcp6       0      0 :::111                  :::*                    LISTEN      -                   
kasrawy4@591196a9e44f:~$ sudo usermod -s /bin/bash kasrawy4
[sudo] password for kasrawy4: 
kasrawy4@591196a9e44f:~$ 
kasrawy4@591196a9e44f:~$ 
kasrawy4@591196a9e44f:~$ 
kasrawy4@591196a9e44f:~$ 
kasrawy4@591196a9e44f:~$ exit
exit
$ exit
Connection to 172.17.0.1 closed.
kasrawy4@591196a9e44f:~$ exit
exit
$ exit
Connection to 172.17.0.2 closed.
root@591196a9e44f:~# ssh -4 -L 69:172.17.0.1:22 kasrawy4@172.17.0.2 -i /root/.ssh/id_rsa
kasrawy4@172.17.0.2's password: 
Last login: Sat Nov 18 00:25:04 2023 from 172.17.0.1
kasrawy4@591196a9e44f:~$ ssh 172.17.0.1
Last login: Sat Nov 18 00:28:07 2023 from 172.17.0.2
kasrawy4@591196a9e44f:~$ echo $SHELL
/bin/bash
kasrawy4@591196a9e44f:~$ whoami
kasrawy4
kasrawy4@591196a9e44f:~$ env
SHELL=/bin/bash
PWD=/home/kasrawy4
LOGNAME=kasrawy4
HOME=/home/kasrawy4
LANG=C.UTF-8
LS_COLORS=rs=0:di=01;34:ln=01;36:mh=00:pi=40;33:so=01;35:do=01;35:bd=40;33;01:cd=40;33;01:or=40;31;01:mi=00:su=37;41:sg=30;43:ca=30;41:tw=30;42:ow=34;42:st=37;44:ex=01;32:*.tar=01;31:*.tgz=01;31:*.arc=01;31:*.arj=01;31:*.taz=01;31:*.lha=01;31:*.lz4=01;31:*.lzh=01;31:*.lzma=01;31:*.tlz=01;31:*.txz=01;31:*.tzo=01;31:*.t7z=01;31:*.zip=01;31:*.z=01;31:*.dz=01;31:*.gz=01;31:*.lrz=01;31:*.lz=01;31:*.lzo=01;31:*.xz=01;31:*.zst=01;31:*.tzst=01;31:*.bz2=01;31:*.bz=01;31:*.tbz=01;31:*.tbz2=01;31:*.tz=01;31:*.deb=01;31:*.rpm=01;31:*.jar=01;31:*.war=01;31:*.ear=01;31:*.sar=01;31:*.rar=01;31:*.alz=01;31:*.ace=01;31:*.zoo=01;31:*.cpio=01;31:*.7z=01;31:*.rz=01;31:*.cab=01;31:*.wim=01;31:*.swm=01;31:*.dwm=01;31:*.esd=01;31:*.jpg=01;35:*.jpeg=01;35:*.mjpg=01;35:*.mjpeg=01;35:*.gif=01;35:*.bmp=01;35:*.pbm=01;35:*.pgm=01;35:*.ppm=01;35:*.tga=01;35:*.xbm=01;35:*.xpm=01;35:*.tif=01;35:*.tiff=01;35:*.png=01;35:*.svg=01;35:*.svgz=01;35:*.mng=01;35:*.pcx=01;35:*.mov=01;35:*.mpg=01;35:*.mpeg=01;35:*.m2v=01;35:*.mkv=01;35:*.webm=01;35:*.webp=01;35:*.ogm=01;35:*.mp4=01;35:*.m4v=01;35:*.mp4v=01;35:*.vob=01;35:*.qt=01;35:*.nuv=01;35:*.wmv=01;35:*.asf=01;35:*.rm=01;35:*.rmvb=01;35:*.flc=01;35:*.avi=01;35:*.fli=01;35:*.flv=01;35:*.gl=01;35:*.dl=01;35:*.xcf=01;35:*.xwd=01;35:*.yuv=01;35:*.cgm=01;35:*.emf=01;35:*.ogv=01;35:*.ogx=01;35:*.aac=00;36:*.au=00;36:*.flac=00;36:*.m4a=00;36:*.mid=00;36:*.midi=00;36:*.mka=00;36:*.mp3=00;36:*.mpc=00;36:*.ogg=00;36:*.ra=00;36:*.wav=00;36:*.oga=00;36:*.opus=00;36:*.spx=00;36:*.xspf=00;36:
SSH_CONNECTION=172.17.0.1 60006 172.17.0.2 22
LESSCLOSE=/usr/bin/lesspipe %s %s
TERM=xterm-256color
LESSOPEN=| /usr/bin/lesspipe %s
USER=kasrawy4
SHLVL=1
SSH_CLIENT=172.17.0.1 60006 22
PATH=/usr/local/sbin:/usr/local/bin:/usr/sbin:/usr/bin:/sbin:/bin:/usr/games
MAIL=/var/mail/kasrawy4
SSH_TTY=/dev/pts/55
_=/usr/bin/env
kasrawy4@591196a9e44f:~$ hostname -i
172.17.0.2
kasrawy4@591196a9e44f:~$ hostname
591196a9e44f
kasrawy4@591196a9e44f:~$ cat /etc/ss
ssh/ ssl/ 
kasrawy4@591196a9e44f:~$ cat /etc/ssh/ssh
ssh_config                ssh_host_ecdsa_key        ssh_host_ed25519_key      ssh_host_rsa_key          ssh_import_id             sshd_config.d/            
ssh_config.d/             ssh_host_ecdsa_key.pub    ssh_host_ed25519_key.pub  ssh_host_rsa_key.pub      sshd_config               
kasrawy4@591196a9e44f:~$ cat /etc/ssh/ssh
ssh_config                ssh_host_ecdsa_key        ssh_host_ed25519_key      ssh_host_rsa_key          ssh_import_id             sshd_config.d/            
ssh_config.d/             ssh_host_ecdsa_key.pub    ssh_host_ed25519_key.pub  ssh_host_rsa_key.pub      sshd_config               
kasrawy4@591196a9e44f:~$ cat /etc/ssh/sshh_config
cat: /etc/ssh/sshh_config: No such file or directory
kasrawy4@591196a9e44f:~$ cat /etc/ssh/ssh_config

# This is the ssh client system-wide configuration file.  See
# ssh_config(5) for more information.  This file provides defaults for
# users, and the values can be changed in per-user configuration files
# or on the command line.

# Configuration data is parsed as follows:
#  1. command line options
#  2. user-specific file
#  3. system-wide file
# Any configuration value is only changed the first time it is set.
# Thus, host-specific definitions should be at the beginning of the
# configuration file, and defaults at the end.

# Site-wide defaults for some commonly used options.  For a comprehensive
# list of available options, their meanings and defaults, please see the
# ssh_config(5) man page.

Include /etc/ssh/ssh_config.d/*.conf

Host *
#   ForwardAgent no
#   ForwardX11 no
#   ForwardX11Trusted yes
#   PasswordAuthentication yes
#   HostbasedAuthentication no
#   GSSAPIAuthentication no
#   GSSAPIDelegateCredentials no
#   GSSAPIKeyExchange no
#   GSSAPITrustDNS no
#   BatchMode no
#   CheckHostIP yes
#   AddressFamily any
#   ConnectTimeout 0
#   StrictHostKeyChecking ask
#   IdentityFile ~/.ssh/id_rsa
#   IdentityFile ~/.ssh/id_dsa
#   IdentityFile ~/.ssh/id_ecdsa
#   IdentityFile ~/.ssh/id_ed25519
#   Port 22
#   Ciphers aes128-ctr,aes192-ctr,aes256-ctr,aes128-cbc,3des-cbc
#   MACs hmac-md5,hmac-sha1,umac-64@openssh.com
#   EscapeChar ~
#   Tunnel no
#   TunnelDevice any:any
#   PermitLocalCommand no
#   VisualHostKey no
#   ProxyCommand ssh -q -W %h:%p gateway.example.com
#   RekeyLimit 1G 1h
#   UserKnownHostsFile ~/.ssh/known_hosts.d/%k
    SendEnv LANG LC_*
    HashKnownHosts yes
    GSSAPIAuthentication yes
kasrawy4@591196a9e44f:~$ cat /etc/ss
ssh/ ssl/ 
kasrawy4@591196a9e44f:~$ cat /etc/ssh/
moduli                    ssh_config.d/             ssh_host_ecdsa_key.pub    ssh_host_ed25519_key.pub  ssh_host_rsa_key.pub      sshd_config               
ssh_config                ssh_host_ecdsa_key        ssh_host_ed25519_key      ssh_host_rsa_key          ssh_import_id             sshd_config.d/            
kasrawy4@591196a9e44f:~$ cat ~/.ssh/
authorized_keys  id_rsa           id_rsa.pub       known_hosts      
kasrawy4@591196a9e44f:~$ cat ~/.ssh/known_hosts 
|1|t6RRTY4pVmghyhCTcVNvnIw3NeY=|Vu+8hMtckE3b50m9oKbAggxrDsU= ssh-ed25519 AAAAC3NzaC1lZDI1NTE5AAAAIC9HYoRMbwqFkgGI28nfDbZcMlUkYR8J+nalRI2/lb/+
|1|ovPHvFvM9rCndYelhfD2ATrIn3w=|mit1KlgsYYeeRlyhRD5ZCjzRKYM= ssh-ed25519 AAAAC3NzaC1lZDI1NTE5AAAAIMWR0h82GFMLEhFBNKNevpI1/PUkGklgI1/f8XoX7v8k
|1|s+e4A7+5IoD5T5nuAh+Oo0E9bbA=|kvoBS3hfnjT6NeXpAOzqfxi24dc= ssh-ed25519 AAAAC3NzaC1lZDI1NTE5AAAAIC9HYoRMbwqFkgGI28nfDbZcMlUkYR8J+nalRI2/lb/+
|1|YV78JGRrDHF5REzwTdVvvJpM6sg=|igUg9gKB+pUF3SEr5WMgM9JBkn8= ssh-ed25519 AAAAC3NzaC1lZDI1NTE5AAAAIMWR0h82GFMLEhFBNKNevpI1/PUkGklgI1/f8XoX7v8k
|1|inQNGqAdyjTnHJdr++GlIgZkgd4=|sjVTfwtLaQCaC/3XO48MNcsTdpw= ssh-ed25519 AAAAC3NzaC1lZDI1NTE5AAAAIC9HYoRMbwqFkgGI28nfDbZcMlUkYR8J+nalRI2/lb/+
|1|WTUbdMzyDmBPEZb4jHhM/T7U2/E=|ZNpIV+XNYIQorol1GIin6ac5QC8= ssh-ed25519 AAAAC3NzaC1lZDI1NTE5AAAAIC9HYoRMbwqFkgGI28nfDbZcMlUkYR8J+nalRI2/lb/+
kasrawy4@591196a9e44f:~$ ssh kali@172.17.0.1
kali@172.17.0.1's password: 
Permission denied, please try again.
kali@172.17.0.1's password: 
Permission denied, please try again.
kali@172.17.0.1's password: 
kali@172.17.0.1: Permission denied (publickey,password,keyboard-interactive).
kasrawy4@591196a9e44f:~$ cat ~/.ssh/
authorized_keys  id_rsa           id_rsa.pub       known_hosts      
kasrawy4@591196a9e44f:~$ cat ~/.ssh/authorized_keys 
ssh-rsa AAAAB3NzaC1yc2EAAAADAQABAAABgQDWjd8FTu4UumkKPuIOY1qod/UfoCfDi5XEHuoG19LgDmuK+nplOiok5q8ExEO8qpdtIv6JHN3IkG4sjwp9eHLNcEDUgdwlckU2KcpDjwYBoHJSK9+ciiJ8vlC8UurCQoycrwTQnMwu2ReKWUJDJHP8uLdgi8QyLiQUEcmuQLOr79Of9qkKuJnIjwiVgL7S7M+5Z22xkZkbkl/oogz0ooquOZmnIHO94oDmrVkMuMtBJAWZYAxd67TOZ6FGL+4T2husINKPU1XEwUGISFrB2TuFd4LBwi0YnL4XER4gw8/gJA3LLIPsTz8aS15BZ6rq+qWh0x9yQJw4xFxmxVFy6zKUQz+8tv0fgtEeRZV4QzgIp9S/KuI9+tJ+aDmlsaxGmdo8/nECOtBVwxFiYaHi1Oa0rFYxkJBkyHSAxQpKc47GhcE4zYTzzUttR0AO6ezap22BB+5lcsTBPSCMgmIOuy/zQN9idqFW8tW7GOYtC9ORstdca+i5waDYzqzTgIkkZ00= kasrawy4@591196a9e44f
kasrawy4@591196a9e44f:~$ chmod 700 ~/.ssh
kasrawy4@591196a9e44f:~$ chmod 600 ~/.ssh/
authorized_keys  id_rsa           id_rsa.pub       known_hosts      
kasrawy4@591196a9e44f:~$ chmod 600 ~/.ssh/authorized_keys 
kasrawy4@591196a9e44f:~$ id kali
id: kali: no such user
kasrawy4@591196a9e44f:~$ id kasrawy4
uid=1003(kasrawy4) gid=1003(kasrawy4) groups=1003(kasrawy4),0(root),27(sudo)
kasrawy4@591196a9e44f:~$ ssh 172.17.0.1
Last login: Sat Nov 18 00:28:15 2023 from 172.17.0.1
kasrawy4@591196a9e44f:~$ who
kasrawy4@591196a9e44f:~$ cat ~/.ssh/
authorized_keys  id_rsa           id_rsa.pub       known_hosts      
kasrawy4@591196a9e44f:~$ ssh -vvv 172.17.0.1
OpenSSH_8.9p1 Ubuntu-3ubuntu0.4, OpenSSL 3.0.2 15 Mar 2022
debug1: Reading configuration data /etc/ssh/ssh_config
debug1: /etc/ssh/ssh_config line 19: include /etc/ssh/ssh_config.d/*.conf matched no files
debug1: /etc/ssh/ssh_config line 21: Applying options for *
debug2: resolve_canonicalize: hostname 172.17.0.1 is address
debug3: expanded UserKnownHostsFile '~/.ssh/known_hosts' -> '/home/kasrawy4/.ssh/known_hosts'
debug3: expanded UserKnownHostsFile '~/.ssh/known_hosts2' -> '/home/kasrawy4/.ssh/known_hosts2'
debug3: ssh_connect_direct: entering
debug1: Connecting to 172.17.0.1 [172.17.0.1] port 22.
debug3: set_sock_tos: set socket 3 IP_TOS 0x10
debug1: Connection established.
debug1: identity file /home/kasrawy4/.ssh/id_rsa type 0
debug1: identity file /home/kasrawy4/.ssh/id_rsa-cert type -1
debug1: identity file /home/kasrawy4/.ssh/id_ecdsa type -1
debug1: identity file /home/kasrawy4/.ssh/id_ecdsa-cert type -1
debug1: identity file /home/kasrawy4/.ssh/id_ecdsa_sk type -1
debug1: identity file /home/kasrawy4/.ssh/id_ecdsa_sk-cert type -1
debug1: identity file /home/kasrawy4/.ssh/id_ed25519 type -1
debug1: identity file /home/kasrawy4/.ssh/id_ed25519-cert type -1
debug1: identity file /home/kasrawy4/.ssh/id_ed25519_sk type -1
debug1: identity file /home/kasrawy4/.ssh/id_ed25519_sk-cert type -1
debug1: identity file /home/kasrawy4/.ssh/id_xmss type -1
debug1: identity file /home/kasrawy4/.ssh/id_xmss-cert type -1
debug1: identity file /home/kasrawy4/.ssh/id_dsa type -1
debug1: identity file /home/kasrawy4/.ssh/id_dsa-cert type -1
debug1: Local version string SSH-2.0-OpenSSH_8.9p1 Ubuntu-3ubuntu0.4
debug1: Remote protocol version 2.0, remote software version OpenSSH_8.9p1 Ubuntu-3ubuntu0.4
debug1: compat_banner: match: OpenSSH_8.9p1 Ubuntu-3ubuntu0.4 pat OpenSSH* compat 0x04000000
debug2: fd 3 setting O_NONBLOCK
debug1: Authenticating to 172.17.0.1:22 as 'kasrawy4'
debug3: record_hostkey: found key type ED25519 in file /home/kasrawy4/.ssh/known_hosts:6
debug3: load_hostkeys_file: loaded 1 keys from 172.17.0.1
debug1: load_hostkeys: fopen /home/kasrawy4/.ssh/known_hosts2: No such file or directory
debug1: load_hostkeys: fopen /etc/ssh/ssh_known_hosts: No such file or directory
debug1: load_hostkeys: fopen /etc/ssh/ssh_known_hosts2: No such file or directory
debug3: order_hostkeyalgs: have matching best-preference key type ssh-ed25519-cert-v01@openssh.com, using HostkeyAlgorithms verbatim
debug3: send packet: type 20
debug1: SSH2_MSG_KEXINIT sent
debug3: receive packet: type 20
debug1: SSH2_MSG_KEXINIT received
debug2: local client KEXINIT proposal
debug2: KEX algorithms: curve25519-sha256,curve25519-sha256@libssh.org,ecdh-sha2-nistp256,ecdh-sha2-nistp384,ecdh-sha2-nistp521,sntrup761x25519-sha512@openssh.com,diffie-hellman-group-exchange-sha256,diffie-hellman-group16-sha512,diffie-hellman-group18-sha512,diffie-hellman-group14-sha256,ext-info-c
debug2: host key algorithms: ssh-ed25519-cert-v01@openssh.com,ecdsa-sha2-nistp256-cert-v01@openssh.com,ecdsa-sha2-nistp384-cert-v01@openssh.com,ecdsa-sha2-nistp521-cert-v01@openssh.com,sk-ssh-ed25519-cert-v01@openssh.com,sk-ecdsa-sha2-nistp256-cert-v01@openssh.com,rsa-sha2-512-cert-v01@openssh.com,rsa-sha2-256-cert-v01@openssh.com,ssh-ed25519,ecdsa-sha2-nistp256,ecdsa-sha2-nistp384,ecdsa-sha2-nistp521,sk-ssh-ed25519@openssh.com,sk-ecdsa-sha2-nistp256@openssh.com,rsa-sha2-512,rsa-sha2-256
debug2: ciphers ctos: chacha20-poly1305@openssh.com,aes128-ctr,aes192-ctr,aes256-ctr,aes128-gcm@openssh.com,aes256-gcm@openssh.com
debug2: ciphers stoc: chacha20-poly1305@openssh.com,aes128-ctr,aes192-ctr,aes256-ctr,aes128-gcm@openssh.com,aes256-gcm@openssh.com
debug2: MACs ctos: umac-64-etm@openssh.com,umac-128-etm@openssh.com,hmac-sha2-256-etm@openssh.com,hmac-sha2-512-etm@openssh.com,hmac-sha1-etm@openssh.com,umac-64@openssh.com,umac-128@openssh.com,hmac-sha2-256,hmac-sha2-512,hmac-sha1
debug2: MACs stoc: umac-64-etm@openssh.com,umac-128-etm@openssh.com,hmac-sha2-256-etm@openssh.com,hmac-sha2-512-etm@openssh.com,hmac-sha1-etm@openssh.com,umac-64@openssh.com,umac-128@openssh.com,hmac-sha2-256,hmac-sha2-512,hmac-sha1
debug2: compression ctos: none,zlib@openssh.com,zlib
debug2: compression stoc: none,zlib@openssh.com,zlib
debug2: languages ctos: 
debug2: languages stoc: 
debug2: first_kex_follows 0 
debug2: reserved 0 
debug2: peer server KEXINIT proposal
debug2: KEX algorithms: curve25519-sha256,curve25519-sha256@libssh.org,ecdh-sha2-nistp256,ecdh-sha2-nistp384,ecdh-sha2-nistp521,sntrup761x25519-sha512@openssh.com,diffie-hellman-group-exchange-sha256,diffie-hellman-group16-sha512,diffie-hellman-group18-sha512,diffie-hellman-group14-sha256
debug2: host key algorithms: rsa-sha2-512,rsa-sha2-256,ecdsa-sha2-nistp256,ssh-ed25519
debug2: ciphers ctos: chacha20-poly1305@openssh.com,aes128-ctr,aes192-ctr,aes256-ctr,aes128-gcm@openssh.com,aes256-gcm@openssh.com
debug2: ciphers stoc: chacha20-poly1305@openssh.com,aes128-ctr,aes192-ctr,aes256-ctr,aes128-gcm@openssh.com,aes256-gcm@openssh.com
debug2: MACs ctos: umac-64-etm@openssh.com,umac-128-etm@openssh.com,hmac-sha2-256-etm@openssh.com,hmac-sha2-512-etm@openssh.com,hmac-sha1-etm@openssh.com,umac-64@openssh.com,umac-128@openssh.com,hmac-sha2-256,hmac-sha2-512,hmac-sha1
debug2: MACs stoc: umac-64-etm@openssh.com,umac-128-etm@openssh.com,hmac-sha2-256-etm@openssh.com,hmac-sha2-512-etm@openssh.com,hmac-sha1-etm@openssh.com,umac-64@openssh.com,umac-128@openssh.com,hmac-sha2-256,hmac-sha2-512,hmac-sha1
debug2: compression ctos: none,zlib@openssh.com
debug2: compression stoc: none,zlib@openssh.com
debug2: languages ctos: 
debug2: languages stoc: 
debug2: first_kex_follows 0 
debug2: reserved 0 
debug1: kex: algorithm: curve25519-sha256
debug1: kex: host key algorithm: ssh-ed25519
debug1: kex: server->client cipher: chacha20-poly1305@openssh.com MAC: <implicit> compression: none
debug1: kex: client->server cipher: chacha20-poly1305@openssh.com MAC: <implicit> compression: none
debug3: send packet: type 30
debug1: expecting SSH2_MSG_KEX_ECDH_REPLY
debug3: receive packet: type 31
debug1: SSH2_MSG_KEX_ECDH_REPLY received
debug1: Server host key: ssh-ed25519 SHA256:34LNYEIvEldQR0w5lamQQymf2bdS8LTgP15G8dqYy9A
debug3: record_hostkey: found key type ED25519 in file /home/kasrawy4/.ssh/known_hosts:6
debug3: load_hostkeys_file: loaded 1 keys from 172.17.0.1
debug1: load_hostkeys: fopen /home/kasrawy4/.ssh/known_hosts2: No such file or directory
debug1: load_hostkeys: fopen /etc/ssh/ssh_known_hosts: No such file or directory
debug1: load_hostkeys: fopen /etc/ssh/ssh_known_hosts2: No such file or directory
debug1: Host '172.17.0.1' is known and matches the ED25519 host key.
debug1: Found key in /home/kasrawy4/.ssh/known_hosts:6
debug3: send packet: type 21
debug2: ssh_set_newkeys: mode 1
debug1: rekey out after 134217728 blocks
debug1: SSH2_MSG_NEWKEYS sent
debug1: expecting SSH2_MSG_NEWKEYS
debug3: receive packet: type 21
debug1: SSH2_MSG_NEWKEYS received
debug2: ssh_set_newkeys: mode 0
debug1: rekey in after 134217728 blocks
debug1: Will attempt key: /home/kasrawy4/.ssh/id_rsa RSA SHA256:9SDre4S5SrGd2jbpJTJgu+tLbbFSbUH/1Fkb6sPvZSQ
debug1: Will attempt key: /home/kasrawy4/.ssh/id_ecdsa 
debug1: Will attempt key: /home/kasrawy4/.ssh/id_ecdsa_sk 
debug1: Will attempt key: /home/kasrawy4/.ssh/id_ed25519 
debug1: Will attempt key: /home/kasrawy4/.ssh/id_ed25519_sk 
debug1: Will attempt key: /home/kasrawy4/.ssh/id_xmss 
debug1: Will attempt key: /home/kasrawy4/.ssh/id_dsa 
debug2: pubkey_prepare: done
debug3: send packet: type 5
debug3: receive packet: type 7
debug1: SSH2_MSG_EXT_INFO received
debug1: kex_input_ext_info: server-sig-algs=<ssh-ed25519,sk-ssh-ed25519@openssh.com,ssh-rsa,rsa-sha2-256,rsa-sha2-512,ssh-dss,ecdsa-sha2-nistp256,ecdsa-sha2-nistp384,ecdsa-sha2-nistp521,sk-ecdsa-sha2-nistp256@openssh.com,webauthn-sk-ecdsa-sha2-nistp256@openssh.com>
debug1: kex_input_ext_info: publickey-hostbound@openssh.com=<0>
debug3: receive packet: type 6
debug2: service_accept: ssh-userauth
debug1: SSH2_MSG_SERVICE_ACCEPT received
debug3: send packet: type 50
debug3: receive packet: type 51
debug1: Authentications that can continue: publickey,password,keyboard-interactive
debug3: start over, passed a different list publickey,password,keyboard-interactive
debug3: preferred gssapi-with-mic,publickey,keyboard-interactive,password
debug3: authmethod_lookup publickey
debug3: remaining preferred: keyboard-interactive,password
debug3: authmethod_is_enabled publickey
debug1: Next authentication method: publickey
debug1: Offering public key: /home/kasrawy4/.ssh/id_rsa RSA SHA256:9SDre4S5SrGd2jbpJTJgu+tLbbFSbUH/1Fkb6sPvZSQ
debug3: send packet: type 50
debug2: we sent a publickey packet, wait for reply
debug3: receive packet: type 60
debug1: Server accepts key: /home/kasrawy4/.ssh/id_rsa RSA SHA256:9SDre4S5SrGd2jbpJTJgu+tLbbFSbUH/1Fkb6sPvZSQ
debug3: sign_and_send_pubkey: using publickey-hostbound-v00@openssh.com with RSA SHA256:9SDre4S5SrGd2jbpJTJgu+tLbbFSbUH/1Fkb6sPvZSQ
debug3: sign_and_send_pubkey: signing using rsa-sha2-512 SHA256:9SDre4S5SrGd2jbpJTJgu+tLbbFSbUH/1Fkb6sPvZSQ
debug3: send packet: type 50
debug3: receive packet: type 52
Authenticated to 172.17.0.1 ([172.17.0.1]:22) using "publickey".
debug1: channel 0: new [client-session]
debug3: ssh_session2_open: channel_new: 0
debug2: channel 0: send open
debug3: send packet: type 90
debug1: Requesting no-more-sessions@openssh.com
debug3: send packet: type 80
debug1: Entering interactive session.
debug1: pledge: filesystem
debug3: receive packet: type 80
debug1: client_input_global_request: rtype hostkeys-00@openssh.com want_reply 0
debug3: client_input_hostkeys: received RSA key SHA256:EgFfW1OfU0sF0xlaLmSxyenGChnrwQuto6Lh7uzRWTM
debug3: client_input_hostkeys: received ECDSA key SHA256:bT4BcyySpVY6v8V8BXCVWGFO9MJHMpwMfjas5MV68h0
debug3: client_input_hostkeys: received ED25519 key SHA256:34LNYEIvEldQR0w5lamQQymf2bdS8LTgP15G8dqYy9A
debug1: client_input_hostkeys: searching /home/kasrawy4/.ssh/known_hosts for 172.17.0.1 / (none)
debug3: hostkeys_foreach: reading file "/home/kasrawy4/.ssh/known_hosts"
debug3: hostkeys_find: found ssh-ed25519 key under different name/addr at /home/kasrawy4/.ssh/known_hosts:1
debug3: hostkeys_find: found ssh-ed25519 key under different name/addr at /home/kasrawy4/.ssh/known_hosts:3
debug3: hostkeys_find: found ssh-ed25519 key under different name/addr at /home/kasrawy4/.ssh/known_hosts:5
debug3: hostkeys_find: found ssh-ed25519 key at /home/kasrawy4/.ssh/known_hosts:6
debug1: client_input_hostkeys: searching /home/kasrawy4/.ssh/known_hosts2 for 172.17.0.1 / (none)
debug1: client_input_hostkeys: hostkeys file /home/kasrawy4/.ssh/known_hosts2 does not exist
debug3: client_input_hostkeys: 3 server keys: 2 new, 18446744073709551615 retained, 2 incomplete match. 0 to remove
debug1: client_input_hostkeys: host key found matching a different name/address, skipping UserKnownHostsFile update
debug3: receive packet: type 4
debug1: Remote: /home/kasrawy4/.ssh/authorized_keys:1: key options: agent-forwarding port-forwarding pty user-rc x11-forwarding
debug3: receive packet: type 4
debug1: Remote: /home/kasrawy4/.ssh/authorized_keys:1: key options: agent-forwarding port-forwarding pty user-rc x11-forwarding
debug3: receive packet: type 91
debug2: channel_input_open_confirmation: channel 0: callback start
debug2: fd 3 setting TCP_NODELAY
debug3: set_sock_tos: set socket 3 IP_TOS 0x10
debug2: client_session2_setup: id 0
debug2: channel 0: request pty-req confirm 1
debug3: send packet: type 98
debug1: Sending environment.
debug3: Ignored env SHELL
debug3: Ignored env PWD
debug3: Ignored env LOGNAME
debug3: Ignored env HOME
debug1: channel 0: setting env LANG = "C.UTF-8"
debug2: channel 0: request env confirm 0
debug3: send packet: type 98
debug3: Ignored env LS_COLORS
debug3: Ignored env SSH_CONNECTION
debug3: Ignored env LESSCLOSE
debug3: Ignored env TERM
debug3: Ignored env LESSOPEN
debug3: Ignored env USER
debug3: Ignored env SHLVL
debug3: Ignored env SSH_CLIENT
debug3: Ignored env PATH
debug3: Ignored env MAIL
debug3: Ignored env SSH_TTY
debug3: Ignored env _
debug2: channel 0: request shell confirm 1
debug3: send packet: type 98
debug2: channel_input_open_confirmation: channel 0: callback done
debug2: channel 0: open confirm rwindow 0 rmax 32768
debug3: receive packet: type 99
debug2: channel_input_status_confirm: type 99 id 0
debug2: PTY allocation request accepted on channel 0
debug2: channel 0: rcvd adjust 2097152
debug3: receive packet: type 99
debug2: channel_input_status_confirm: type 99 id 0
debug2: shell request accepted on channel 0
Last login: Sat Nov 18 00:37:45 2023 from 172.17.0.1
kasrawy4@591196a9e44f:~$ 
kasrawy4@591196a9e44f:~$ 
kasrawy4@591196a9e44f:~$ 
kasrawy4@591196a9e44f:~$ 
kasrawy4@591196a9e44f:~$ 
kasrawy4@591196a9e44f:~$ 
kasrawy4@591196a9e44f:~$ cat /var/l
lib/   local/ lock/  log/   
kasrawy4@591196a9e44f:~$ cat /var/l
lib/   local/ lock/  log/   
kasrawy4@591196a9e44f:~$ cat /var/l
lib/   local/ lock/  log/   
kasrawy4@591196a9e44f:~$ cat /var/lo
local/ lock/  log/   
kasrawy4@591196a9e44f:~$ cat /var/log/
alternatives.log  apache2/          apt/              bootstrap.log     btmp              dpkg.log          faillog           journal/          lastlog           private/          proftpd/          vsftpd.log        wtmp
kasrawy4@591196a9e44f:~$ cat /var/log/alternatives.log 
update-alternatives 2022-11-01 21:15:03: run with --install /usr/bin/awk awk /usr/bin/mawk 5 --slave /usr/share/man/man1/awk.1.gz awk.1.gz /usr/share/man/man1/mawk.1.gz --slave /usr/bin/nawk nawk /usr/bin/mawk --slave /usr/share/man/man1/nawk.1.gz nawk.1.gz /usr/share/man/man1/mawk.1.gz
update-alternatives 2022-11-01 21:15:03: link group awk updated to point to /usr/bin/mawk
update-alternatives 2022-11-01 21:15:06: run with --install /usr/bin/which which /usr/bin/which.debianutils 0 --slave /usr/share/man/man1/which.1.gz which.1.gz /usr/share/man/man1/which.debianutils.1.gz --slave /usr/share/man/de/man1/which.1.gz which.de1.gz /usr/share/man/de/man1/which.debianutils.1.gz --slave /usr/share/man/es/man1/which.1.gz which.es1.gz /usr/share/man/es/man1/which.debianutils.1.gz --slave /usr/share/man/fr/man1/which.1.gz which.fr1.gz /usr/share/man/fr/man1/which.debianutils.1.gz --slave /usr/share/man/it/man1/which.1.gz which.it1.gz /usr/share/man/it/man1/which.debianutils.1.gz --slave /usr/share/man/ja/man1/which.1.gz which.ja1.gz /usr/share/man/ja/man1/which.debianutils.1.gz --slave /usr/share/man/pl/man1/which.1.gz which.pl1.gz /usr/share/man/pl/man1/which.debianutils.1.gz --slave /usr/share/man/sl/man1/which.1.gz which.sl1.gz /usr/share/man/sl/man1/which.debianutils.1.gz
update-alternatives 2022-11-01 21:15:06: link group which updated to point to /usr/bin/which.debianutils
update-alternatives 2022-11-01 21:15:06: run with --install /usr/bin/awk awk /usr/bin/mawk 5 --slave /usr/share/man/man1/awk.1.gz awk.1.gz /usr/share/man/man1/mawk.1.gz --slave /usr/bin/nawk nawk /usr/bin/mawk --slave /usr/share/man/man1/nawk.1.gz nawk.1.gz /usr/share/man/man1/mawk.1.gz
update-alternatives 2022-11-01 21:15:06: run with --install /usr/share/man/man7/builtins.7.gz builtins.7.gz /usr/share/man/man7/bash-builtins.7.gz 10
update-alternatives 2022-11-01 21:15:06: link group builtins.7.gz updated to point to /usr/share/man/man7/bash-builtins.7.gz
update-alternatives 2022-11-01 21:15:07: run with --install /usr/sbin/rmt rmt /usr/sbin/rmt-tar 50 --slave /usr/share/man/man8/rmt.8.gz rmt.8.gz /usr/share/man/man8/rmt-tar.8.gz
update-alternatives 2022-11-01 21:15:07: link group rmt updated to point to /usr/sbin/rmt-tar
update-alternatives 2022-11-01 21:15:07: run with --install /usr/bin/pager pager /bin/more 50 --slave /usr/share/man/man1/pager.1.gz pager.1.gz /usr/share/man/man1/more.1.gz
update-alternatives 2022-11-01 21:15:07: link group pager updated to point to /bin/more
update-alternatives 2022-11-01 21:15:18: run with --remove builtins.7.gz /usr/share/man/man7/bash-builtins.7.gz
update-alternatives 2022-11-01 21:15:18: link group builtins.7.gz fully removed
update-alternatives 2022-11-01 21:15:27: run with --install /usr/bin/which which /usr/bin/which.debianutils 0 --slave /usr/share/man/man1/which.1.gz which.1.gz /usr/share/man/man1/which.debianutils.1.gz --slave /usr/share/man/de/man1/which.1.gz which.de1.gz /usr/share/man/de/man1/which.debianutils.1.gz --slave /usr/share/man/es/man1/which.1.gz which.es1.gz /usr/share/man/es/man1/which.debianutils.1.gz --slave /usr/share/man/fr/man1/which.1.gz which.fr1.gz /usr/share/man/fr/man1/which.debianutils.1.gz --slave /usr/share/man/it/man1/which.1.gz which.it1.gz /usr/share/man/it/man1/which.debianutils.1.gz --slave /usr/share/man/ja/man1/which.1.gz which.ja1.gz /usr/share/man/ja/man1/which.debianutils.1.gz --slave /usr/share/man/pl/man1/which.1.gz which.pl1.gz /usr/share/man/pl/man1/which.debianutils.1.gz --slave /usr/share/man/sl/man1/which.1.gz which.sl1.gz /usr/share/man/sl/man1/which.debianutils.1.gz
update-alternatives 2022-11-01 21:15:27: auto-repair link group which
update-alternatives 2022-11-01 21:17:44: run with --install /usr/bin/awk awk /usr/bin/mawk 5 --slave /usr/share/man/man1/awk.1.gz awk.1.gz /usr/share/man/man1/mawk.1.gz --slave /usr/bin/nawk nawk /usr/bin/mawk --slave /usr/share/man/man1/nawk.1.gz nawk.1.gz /usr/share/man/man1/mawk.1.gz
update-alternatives 2022-11-01 21:17:44: auto-repair link group awk
update-alternatives 2022-11-01 21:18:01: run with --install /usr/sbin/rmt rmt /usr/sbin/rmt-tar 50 --slave /usr/share/man/man8/rmt.8.gz rmt.8.gz /usr/share/man/man8/rmt-tar.8.gz
update-alternatives 2022-11-01 21:18:01: auto-repair link group rmt
update-alternatives 2022-11-01 21:18:06: run with --install /usr/bin/pager pager /bin/more 50 --slave /usr/share/man/man1/pager.1.gz pager.1.gz /usr/share/man/man1/more.1.gz
update-alternatives 2022-11-01 21:18:06: auto-repair link group pager
update-alternatives 2023-10-28 23:01:45: run with --install /usr/bin/lzma lzma /usr/bin/xz 20 --slave /usr/share/man/man1/lzma.1.gz lzma.1.gz /usr/share/man/man1/xz.1.gz --slave /usr/bin/unlzma unlzma /usr/bin/unxz --slave /usr/share/man/man1/unlzma.1.gz unlzma.1.gz /usr/share/man/man1/unxz.1.gz --slave /usr/bin/lzcat lzcat /usr/bin/xzcat --slave /usr/share/man/man1/lzcat.1.gz lzcat.1.gz /usr/share/man/man1/xzcat.1.gz --slave /usr/bin/lzmore lzmore /usr/bin/xzmore --slave /usr/share/man/man1/lzmore.1.gz lzmore.1.gz /usr/share/man/man1/xzmore.1.gz --slave /usr/bin/lzless lzless /usr/bin/xzless --slave /usr/share/man/man1/lzless.1.gz lzless.1.gz /usr/share/man/man1/xzless.1.gz --slave /usr/bin/lzdiff lzdiff /usr/bin/xzdiff --slave /usr/share/man/man1/lzdiff.1.gz lzdiff.1.gz /usr/share/man/man1/xzdiff.1.gz --slave /usr/bin/lzcmp lzcmp /usr/bin/xzcmp --slave /usr/share/man/man1/lzcmp.1.gz lzcmp.1.gz /usr/share/man/man1/xzcmp.1.gz --slave /usr/bin/lzgrep lzgrep /usr/bin/xzgrep --slave /usr/share/man/man1/lzgrep.1.gz lzgrep.1.gz /usr/share/man/man1/xzgrep.1.gz --slave /usr/bin/lzegrep lzegrep /usr/bin/xzegrep --slave /usr/share/man/man1/lzegrep.1.gz lzegrep.1.gz /usr/share/man/man1/xzegrep.1.gz --slave /usr/bin/lzfgrep lzfgrep /usr/bin/xzfgrep --slave /usr/share/man/man1/lzfgrep.1.gz lzfgrep.1.gz /usr/share/man/man1/xzfgrep.1.gz
update-alternatives 2023-10-28 23:01:45: link group lzma updated to point to /usr/bin/xz
update-alternatives 2023-10-28 23:01:50: run with --quiet --install /usr/bin/open open /usr/bin/run-mailcap 30 --slave /usr/share/man/man1/open.1.gz open.1.gz /usr/share/man/man1/run-mailcap.1.gz
update-alternatives 2023-10-28 23:01:50: link group open updated to point to /usr/bin/run-mailcap
update-alternatives 2023-10-28 23:08:32: run with --install /usr/bin/editor editor /bin/nano 40 --slave /usr/share/man/man1/editor.1.gz editor.1.gz /usr/share/man/man1/nano.1.gz
update-alternatives 2023-10-28 23:08:32: link group editor updated to point to /bin/nano
update-alternatives 2023-10-28 23:08:33: run with --install /usr/bin/pico pico /bin/nano 10 --slave /usr/share/man/man1/pico.1.gz pico.1.gz /usr/share/man/man1/nano.1.gz
update-alternatives 2023-10-28 23:08:33: link group pico updated to point to /bin/nano
update-alternatives 2023-11-05 01:37:04: run with --install /bin/nc nc /usr/bin/ncat 40 --slave /bin/netcat netcat /usr/bin/ncat --slave /usr/share/man/man1/nc.1.gz nc.1.gz /usr/share/man/man1/ncat.1.gz --slave /usr/share/man/man1/netcat.1.gz netcat.1.gz /usr/share/man/man1/ncat.1.gz
update-alternatives 2023-11-05 01:37:04: link group nc updated to point to /usr/bin/ncat
update-alternatives 2023-11-13 23:08:39: run with --install /usr/lib/x86_64-linux-gnu/libblas.so.3 libblas.so.3-x86_64-linux-gnu /usr/lib/x86_64-linux-gnu/blas/libblas.so.3 10
update-alternatives 2023-11-13 23:08:39: link group libblas.so.3-x86_64-linux-gnu updated to point to /usr/lib/x86_64-linux-gnu/blas/libblas.so.3
update-alternatives 2023-11-13 23:41:41: run with --install /usr/bin/telnet telnet /usr/bin/telnet.netkit 100 --slave /usr/share/man/man1/telnet.1.gz telnet.1.gz /usr/share/man/man1/telnet.netkit.1.gz
update-alternatives 2023-11-13 23:41:41: link group telnet updated to point to /usr/bin/telnet.netkit
update-alternatives 2023-11-14 16:53:33: run with --install /usr/bin/rsh rsh /usr/bin/ssh 20 --slave /usr/share/man/man1/rsh.1.gz rsh.1.gz /usr/share/man/man1/ssh.1.gz
update-alternatives 2023-11-14 16:53:33: link group rsh updated to point to /usr/bin/ssh
update-alternatives 2023-11-14 16:53:33: run with --install /usr/bin/rlogin rlogin /usr/bin/slogin 20 --slave /usr/share/man/man1/rlogin.1.gz rlogin.1.gz /usr/share/man/man1/slogin.1.gz
update-alternatives 2023-11-14 16:53:33: link group rlogin updated to point to /usr/bin/slogin
update-alternatives 2023-11-14 16:53:33: run with --install /usr/bin/rcp rcp /usr/bin/scp 20 --slave /usr/share/man/man1/rcp.1.gz rcp.1.gz /usr/share/man/man1/scp.1.gz
update-alternatives 2023-11-14 16:53:33: link group rcp updated to point to /usr/bin/scp
update-alternatives 2023-11-15 12:38:08: run with --quiet --install /usr/bin/pager pager /usr/bin/less 77 --slave /usr/share/man/man1/pager.1.gz pager.1.gz /usr/share/man/man1/less.1.gz
update-alternatives 2023-11-15 12:38:08: link group pager updated to point to /usr/bin/less
update-alternatives 2023-11-15 12:49:50: run with --install /usr/bin/ftp ftp /usr/bin/tnftp 120 --slave /usr/share/man/man1/ftp.1.gz ftp.1.gz /usr/share/man/man1/tnftp.1.gz
update-alternatives 2023-11-15 12:49:50: link group ftp updated to point to /usr/bin/tnftp
update-alternatives 2023-11-15 16:25:23: run with --install /etc/mysql/my.cnf my.cnf /etc/mysql/my.cnf.fallback 100
update-alternatives 2023-11-15 16:25:23: link group my.cnf updated to point to /etc/mysql/my.cnf.fallback
update-alternatives 2023-11-15 18:02:48: run with --install /usr/bin/traceroute traceroute /usr/bin/traceroute.db 100 --slave /usr/sbin/traceroute traceroute.sbin /usr/bin/traceroute.db --slave /usr/share/man/man1/traceroute.1.gz traceroute.1.gz /usr/share/man/man1/traceroute.db.1.gz
update-alternatives 2023-11-15 18:02:48: link group traceroute updated to point to /usr/bin/traceroute.db
update-alternatives 2023-11-15 18:02:48: run with --install /usr/bin/traceroute6 traceroute6 /usr/bin/traceroute6.db 100 --slave /usr/share/man/man1/traceroute6.1.gz traceroute6.1.gz /usr/share/man/man1/traceroute6.db.1.gz
update-alternatives 2023-11-15 18:02:48: link group traceroute6 updated to point to /usr/bin/traceroute6.db
update-alternatives 2023-11-15 18:02:48: run with --install /usr/bin/lft lft /usr/bin/lft.db 100 --slave /usr/share/man/man1/lft.1.gz lft.1.gz /usr/share/man/man1/lft.db.1.gz
update-alternatives 2023-11-15 18:02:48: link group lft updated to point to /usr/bin/lft.db
update-alternatives 2023-11-15 18:02:48: run with --install /usr/bin/traceproto traceproto /usr/bin/traceproto.db 100 --slave /usr/share/man/man1/traceproto.1.gz traceproto.1.gz /usr/share/man/man1/traceproto.db.1.gz
update-alternatives 2023-11-15 18:02:48: link group traceproto updated to point to /usr/bin/traceproto.db
update-alternatives 2023-11-15 18:02:48: run with --install /usr/sbin/tcptraceroute tcptraceroute /usr/sbin/tcptraceroute.db 100 --slave /usr/share/man/man8/tcptraceroute.8.gz tcptraceroute.8.gz /usr/share/man/man8/tcptraceroute.db.8.gz
update-alternatives 2023-11-15 18:02:48: link group tcptraceroute updated to point to /usr/sbin/tcptraceroute.db
update-alternatives 2023-11-16 12:57:25: run with --quiet --install /usr/bin/locate locate /usr/bin/locate.findutils 20 --slave /usr/share/man/man1/locate.1.gz locate.1.gz /usr/share/man/man1/locate.findutils.1.gz --slave /usr/bin/updatedb updatedb /usr/bin/updatedb.findutils --slave /usr/share/man/man1/updatedb.1.gz updatedb.1.gz /usr/share/man/man1/updatedb.findutils.1.gz
update-alternatives 2023-11-16 12:57:25: link group locate updated to point to /usr/bin/locate.findutils
update-alternatives 2023-11-16 21:50:24: run with --install /usr/sbin/rmt rmt /usr/sbin/rmt-tar 50 --slave /usr/share/man/man8/rmt.8.gz rmt.8.gz /usr/share/man/man8/rmt-tar.8.gz
update-alternatives 2023-11-17 16:29:52: run with --install /usr/sbin/iptables iptables /usr/sbin/iptables-legacy 10 --slave /usr/sbin/iptables-restore iptables-restore /usr/sbin/iptables-legacy-restore --slave /usr/sbin/iptables-save iptables-save /usr/sbin/iptables-legacy-save
update-alternatives 2023-11-17 16:29:52: link group iptables updated to point to /usr/sbin/iptables-legacy
update-alternatives 2023-11-17 16:29:52: run with --install /usr/sbin/ip6tables ip6tables /usr/sbin/ip6tables-legacy 10 --slave /usr/sbin/ip6tables-restore ip6tables-restore /usr/sbin/ip6tables-legacy-restore --slave /usr/sbin/ip6tables-save ip6tables-save /usr/sbin/ip6tables-legacy-save
update-alternatives 2023-11-17 16:29:52: link group ip6tables updated to point to /usr/sbin/ip6tables-legacy
update-alternatives 2023-11-17 16:29:52: run with --install /usr/sbin/iptables iptables /usr/sbin/iptables-nft 20 --slave /usr/sbin/iptables-restore iptables-restore /usr/sbin/iptables-nft-restore --slave /usr/sbin/iptables-save iptables-save /usr/sbin/iptables-nft-save
update-alternatives 2023-11-17 16:29:52: link group iptables updated to point to /usr/sbin/iptables-nft
update-alternatives 2023-11-17 16:29:52: run with --install /usr/sbin/ip6tables ip6tables /usr/sbin/ip6tables-nft 20 --slave /usr/sbin/ip6tables-restore ip6tables-restore /usr/sbin/ip6tables-nft-restore --slave /usr/sbin/ip6tables-save ip6tables-save /usr/sbin/ip6tables-nft-save
update-alternatives 2023-11-17 16:29:52: link group ip6tables updated to point to /usr/sbin/ip6tables-nft
update-alternatives 2023-11-17 16:29:52: run with --install /usr/sbin/arptables arptables /usr/sbin/arptables-nft 20 --slave /usr/sbin/arptables-restore arptables-restore /usr/sbin/arptables-nft-restore --slave /usr/sbin/arptables-save arptables-save /usr/sbin/arptables-nft-save
update-alternatives 2023-11-17 16:29:52: link group arptables updated to point to /usr/sbin/arptables-nft
update-alternatives 2023-11-17 16:29:52: run with --install /usr/sbin/ebtables ebtables /usr/sbin/ebtables-nft 20 --slave /usr/sbin/ebtables-restore ebtables-restore /usr/sbin/ebtables-nft-restore --slave /usr/sbin/ebtables-save ebtables-save /usr/sbin/ebtables-nft-save
update-alternatives 2023-11-17 16:29:52: link group ebtables updated to point to /usr/sbin/ebtables-nft
update-alternatives 2023-11-17 21:59:56: run with --install /usr/bin/write write /usr/bin/write.ul 100 --slave /usr/share/man/man1/write.1.gz write.1.gz /usr/share/man/man1/write.ul.1.gz
update-alternatives 2023-11-17 21:59:56: link group write updated to point to /usr/bin/write.ul
kasrawy4@591196a9e44f:~$ cat /var/log/lastlog 
SXepts/5841.46.154.163debug2: channel 0: window 995853 sent adjust 52723
debug2: channel 0: window 995341 sent adjust 53235
debug2: channel 0: window 966406 sent adjust 82170
Xepts/63172.17.0.1iVepts/38105.37.252.131Wepts/75156.204.205.165Xepts/70172.17.0.1Wepts/72156.210.169.138Wepts/52172.17.0.1Wepts/52102.188.199.2285Vepts/38196.158.151.172gWepts/52217.55.239.164'Wepts/58197.52.168.148/Vepts/50172.17.0.1Wepts/77156.195.42.19Xepts/89156.196.73.Xepts/73172.17.0.1RXepts/70197.132.158.84Wepts/80217.55.239.164
                                                                                                                       Xepts/6941.35.117.242eWepts/89196.132.48.10KXepts/70197.167.216.9Wepts/86172.17.0.2Wepts/63197.132.158.84Wepts/55197.52.168.148Wepts/6845.240.31.31kasrawy4@591196a9e44f:~$ debug2: channel 0: window 917113 sent adjust 131463
^C
kasrawy4@591196a9e44f:~$ 
kasrawy4@591196a9e44f:~$ 
kasrawy4@591196a9e44f:~$ 
kasrawy4@591196a9e44f:~$ 
kasrawy4@591196a9e44f:~$ 
kasrawy4@591196a9e44f:~$ 
kasrawy4@591196a9e44f:~$ 
kasrawy4@591196a9e44f:~$ 
kasrawy4@591196a9e44f:~$ 
kasrawy4@591196a9e44f:~$ 
kasrawy4@591196a9e44f:~$ 
kasrawy4@591196a9e44f:~$ exit
logout
debug3: receive packet: type 96
debug2: channel 0: rcvd eof
debug2: channel 0: output open -> drain
debug2: channel 0: obuf empty
debug2: chan_shutdown_write: channel 0: (i0 o1 sock -1 wfd 5 efd 6 [write])
debug2: channel 0: output drain -> closed
debug3: receive packet: type 98
debug1: client_input_channel_req: channel 0 rtype exit-status reply 0
debug3: receive packet: type 98
debug1: client_input_channel_req: channel 0 rtype eow@openssh.com reply 0
debug2: channel 0: rcvd eow
debug2: chan_shutdown_read: channel 0: (i0 o3 sock -1 wfd 4 efd 6 [write])
debug2: channel 0: input open -> closed
debug3: receive packet: type 97
debug2: channel 0: rcvd close
debug3: channel 0: will not send data after close
debug2: channel 0: almost dead
debug2: channel 0: gc: notify user
debug2: channel 0: gc: user detached
debug2: channel 0: send close
debug3: send packet: type 97
debug2: channel 0: is dead
debug2: channel 0: garbage collecting
debug1: channel 0: free: client-session, nchannels 1
debug3: channel 0: status: The following connections are open:
  #0 client-session (t4 r0 i3/0 o3/0 e[write]/0 fd -1/-1/6 sock -1 cc -1 io 0x00/0x00)

debug3: send packet: type 1
Connection to 172.17.0.1 closed.
Transferred: sent 5520, received 328328 bytes, in 680.6 seconds
Bytes per second: sent 8.1, received 482.4
debug1: Exit status 130
kasrawy4@591196a9e44f:~$ exit
logout
Connection to 172.17.0.1 closed.
kasrawy4@591196a9e44f:~$ exit
logout
Connection to 172.17.0.1 closed.
kasrawy4@591196a9e44f:~$ exit
logout
Connection to 172.17.0.2 closed.
root@591196a9e44f:~# exit
exit
kasrawy4@591196a9e44f:~$ exit
exit
$ exit
Connection to 45.84.138.178 closed.
